Classic Timing Analyzer report for matrix8xRotate
Thu Nov 04 11:28:49 2021
Quartus II Version 8.1 Build 163 10/28/2008 SJ Web Edition


---------------------
; Table of Contents ;
---------------------
  1. Legal Notice
  2. Timing Analyzer Summary
  3. Timing Analyzer Settings
  4. Clock Settings Summary
  5. Clock Setup: 'clk'
  6. tsu
  7. tco
  8. th
  9. Timing Analyzer Messages



----------------
; Legal Notice ;
----------------
Copyright (C) 1991-2008 Altera Corporation
Your use of Altera Corporation's design tools, logic functions 
and other software and tools, and its AMPP partner logic 
functions, and any output files from any of the foregoing 
(including device programming or simulation files), and any 
associated documentation or information are expressly subject 
to the terms and conditions of the Altera Program License 
Subscription Agreement, Altera MegaCore Function License 
Agreement, or other applicable license agreement, including, 
without limitation, that your use is for the sole purpose of 
programming logic devices manufactured by Altera and sold by 
Altera or its authorized distributors.  Please refer to the 
applicable agreement for further details.



+-------------------------------------------------------------------------------------------------------------------------------------------------------------+
; Timing Analyzer Summary                                                                                                                                     ;
+------------------------------+-------+---------------+----------------------------------+-------------+--------------+------------+----------+--------------+
; Type                         ; Slack ; Required Time ; Actual Time                      ; From        ; To           ; From Clock ; To Clock ; Failed Paths ;
+------------------------------+-------+---------------+----------------------------------+-------------+--------------+------------+----------+--------------+
; Worst-case tsu               ; N/A   ; None          ; 2.386 ns                         ; reset       ; clk1         ; --         ; clk      ; 0            ;
; Worst-case tco               ; N/A   ; None          ; 42.930 ns                        ; i[1]        ; segout[4]    ; clk        ; --       ; 0            ;
; Worst-case th                ; N/A   ; None          ; 5.458 ns                         ; reset       ; i[1]         ; --         ; clk      ; 0            ;
; Clock Setup: 'clk'           ; N/A   ; None          ; 109.78 MHz ( period = 9.109 ns ) ; cnt_scan[4] ; cnt_scan[25] ; clk        ; clk      ; 0            ;
; Total number of failed paths ;       ;               ;                                  ;             ;              ;            ;          ; 0            ;
+------------------------------+-------+---------------+----------------------------------+-------------+--------------+------------+----------+--------------+


+--------------------------------------------------------------------------------------------------------------------+
; Timing Analyzer Settings                                                                                           ;
+---------------------------------------------------------------------+--------------------+------+----+-------------+
; Option                                                              ; Setting            ; From ; To ; Entity Name ;
+---------------------------------------------------------------------+--------------------+------+----+-------------+
; Device Name                                                         ; EPM570T144C5       ;      ;    ;             ;
; Timing Models                                                       ; Final              ;      ;    ;             ;
; Default hold multicycle                                             ; Same as Multicycle ;      ;    ;             ;
; Cut paths between unrelated clock domains                           ; On                 ;      ;    ;             ;
; Cut off read during write signal paths                              ; On                 ;      ;    ;             ;
; Cut off feedback from I/O pins                                      ; On                 ;      ;    ;             ;
; Report Combined Fast/Slow Timing                                    ; Off                ;      ;    ;             ;
; Ignore Clock Settings                                               ; Off                ;      ;    ;             ;
; Analyze latches as synchronous elements                             ; On                 ;      ;    ;             ;
; Enable Recovery/Removal analysis                                    ; Off                ;      ;    ;             ;
; Enable Clock Latency                                                ; Off                ;      ;    ;             ;
; Use TimeQuest Timing Analyzer                                       ; Off                ;      ;    ;             ;
; Minimum Core Junction Temperature                                   ; 0                  ;      ;    ;             ;
; Maximum Core Junction Temperature                                   ; 85                 ;      ;    ;             ;
; Number of source nodes to report per destination node               ; 10                 ;      ;    ;             ;
; Number of destination nodes to report                               ; 10                 ;      ;    ;             ;
; Number of paths to report                                           ; 200                ;      ;    ;             ;
; Report Minimum Timing Checks                                        ; Off                ;      ;    ;             ;
; Use Fast Timing Models                                              ; Off                ;      ;    ;             ;
; Report IO Paths Separately                                          ; Off                ;      ;    ;             ;
; Perform Multicorner Analysis                                        ; Off                ;      ;    ;             ;
; Reports the worst-case path for each clock domain and analysis      ; Off                ;      ;    ;             ;
; Removes common clock path pessimism (CCPP) during slack computation ; Off                ;      ;    ;             ;
; Output I/O Timing Endpoint                                          ; Near End           ;      ;    ;             ;
+---------------------------------------------------------------------+--------------------+------+----+-------------+


+------------------------------------------------------------------------------------------------------------------------------------------------------------------------------------+
; Clock Settings Summary                                                                                                                                                             ;
+-----------------+--------------------+----------+------------------+---------------+--------------+----------+-----------------------+---------------------+--------+--------------+
; Clock Node Name ; Clock Setting Name ; Type     ; Fmax Requirement ; Early Latency ; Late Latency ; Based on ; Multiply Base Fmax by ; Divide Base Fmax by ; Offset ; Phase offset ;
+-----------------+--------------------+----------+------------------+---------------+--------------+----------+-----------------------+---------------------+--------+--------------+
; clk             ;                    ; User Pin ; None             ; 0.000 ns      ; 0.000 ns     ; --       ; N/A                   ; N/A                 ; N/A    ;              ;
+-----------------+--------------------+----------+------------------+---------------+--------------+----------+-----------------------+---------------------+--------+--------------+


+-----------------------------------------------------------------------------------------------------------------------------------------------------------------------------------------------------------------------------------------+
; Clock Setup: 'clk'                                                                                                                                                                                                                      ;
+-----------------------------------------+-----------------------------------------------------+--------------+--------------+------------+----------+-----------------------------+---------------------------+-------------------------+
; Slack                                   ; Actual fmax (period)                                ; From         ; To           ; From Clock ; To Clock ; Required Setup Relationship ; Required Longest P2P Time ; Actual Longest P2P Time ;
+-----------------------------------------+-----------------------------------------------------+--------------+--------------+------------+----------+-----------------------------+---------------------------+-------------------------+
; N/A                                     ; 109.78 MHz ( period = 9.109 ns )                    ; cnt_scan[4]  ; cnt_scan[18] ; clk        ; clk      ; None                        ; None                      ; 8.400 ns                ;
; N/A                                     ; 109.78 MHz ( period = 9.109 ns )                    ; cnt_scan[4]  ; cnt_scan[19] ; clk        ; clk      ; None                        ; None                      ; 8.400 ns                ;
; N/A                                     ; 109.78 MHz ( period = 9.109 ns )                    ; cnt_scan[4]  ; cnt_scan[20] ; clk        ; clk      ; None                        ; None                      ; 8.400 ns                ;
; N/A                                     ; 109.78 MHz ( period = 9.109 ns )                    ; cnt_scan[4]  ; cnt_scan[21] ; clk        ; clk      ; None                        ; None                      ; 8.400 ns                ;
; N/A                                     ; 109.78 MHz ( period = 9.109 ns )                    ; cnt_scan[4]  ; cnt_scan[22] ; clk        ; clk      ; None                        ; None                      ; 8.400 ns                ;
; N/A                                     ; 109.78 MHz ( period = 9.109 ns )                    ; cnt_scan[4]  ; cnt_scan[23] ; clk        ; clk      ; None                        ; None                      ; 8.400 ns                ;
; N/A                                     ; 109.78 MHz ( period = 9.109 ns )                    ; cnt_scan[4]  ; cnt_scan[24] ; clk        ; clk      ; None                        ; None                      ; 8.400 ns                ;
; N/A                                     ; 109.78 MHz ( period = 9.109 ns )                    ; cnt_scan[4]  ; cnt_scan[25] ; clk        ; clk      ; None                        ; None                      ; 8.400 ns                ;
; N/A                                     ; 110.08 MHz ( period = 9.084 ns )                    ; cnt_scan[4]  ; cnt_scan[13] ; clk        ; clk      ; None                        ; None                      ; 8.375 ns                ;
; N/A                                     ; 110.08 MHz ( period = 9.084 ns )                    ; cnt_scan[4]  ; cnt_scan[14] ; clk        ; clk      ; None                        ; None                      ; 8.375 ns                ;
; N/A                                     ; 110.08 MHz ( period = 9.084 ns )                    ; cnt_scan[4]  ; cnt_scan[12] ; clk        ; clk      ; None                        ; None                      ; 8.375 ns                ;
; N/A                                     ; 110.08 MHz ( period = 9.084 ns )                    ; cnt_scan[4]  ; cnt_scan[15] ; clk        ; clk      ; None                        ; None                      ; 8.375 ns                ;
; N/A                                     ; 110.08 MHz ( period = 9.084 ns )                    ; cnt_scan[4]  ; cnt_scan[8]  ; clk        ; clk      ; None                        ; None                      ; 8.375 ns                ;
; N/A                                     ; 110.08 MHz ( period = 9.084 ns )                    ; cnt_scan[4]  ; cnt_scan[11] ; clk        ; clk      ; None                        ; None                      ; 8.375 ns                ;
; N/A                                     ; 110.08 MHz ( period = 9.084 ns )                    ; cnt_scan[4]  ; cnt_scan[10] ; clk        ; clk      ; None                        ; None                      ; 8.375 ns                ;
; N/A                                     ; 110.08 MHz ( period = 9.084 ns )                    ; cnt_scan[4]  ; cnt_scan[9]  ; clk        ; clk      ; None                        ; None                      ; 8.375 ns                ;
; N/A                                     ; 110.08 MHz ( period = 9.084 ns )                    ; cnt_scan[4]  ; cnt_scan[16] ; clk        ; clk      ; None                        ; None                      ; 8.375 ns                ;
; N/A                                     ; 110.08 MHz ( period = 9.084 ns )                    ; cnt_scan[4]  ; cnt_scan[17] ; clk        ; clk      ; None                        ; None                      ; 8.375 ns                ;
; N/A                                     ; 111.21 MHz ( period = 8.992 ns )                    ; i[0]         ; i[3]         ; clk        ; clk      ; None                        ; None                      ; 8.283 ns                ;
; N/A                                     ; 112.03 MHz ( period = 8.926 ns )                    ; cnt_scan[2]  ; cnt_scan[18] ; clk        ; clk      ; None                        ; None                      ; 8.217 ns                ;
; N/A                                     ; 112.03 MHz ( period = 8.926 ns )                    ; cnt_scan[2]  ; cnt_scan[19] ; clk        ; clk      ; None                        ; None                      ; 8.217 ns                ;
; N/A                                     ; 112.03 MHz ( period = 8.926 ns )                    ; cnt_scan[2]  ; cnt_scan[20] ; clk        ; clk      ; None                        ; None                      ; 8.217 ns                ;
; N/A                                     ; 112.03 MHz ( period = 8.926 ns )                    ; cnt_scan[2]  ; cnt_scan[21] ; clk        ; clk      ; None                        ; None                      ; 8.217 ns                ;
; N/A                                     ; 112.03 MHz ( period = 8.926 ns )                    ; cnt_scan[2]  ; cnt_scan[22] ; clk        ; clk      ; None                        ; None                      ; 8.217 ns                ;
; N/A                                     ; 112.03 MHz ( period = 8.926 ns )                    ; cnt_scan[2]  ; cnt_scan[23] ; clk        ; clk      ; None                        ; None                      ; 8.217 ns                ;
; N/A                                     ; 112.03 MHz ( period = 8.926 ns )                    ; cnt_scan[2]  ; cnt_scan[24] ; clk        ; clk      ; None                        ; None                      ; 8.217 ns                ;
; N/A                                     ; 112.03 MHz ( period = 8.926 ns )                    ; cnt_scan[2]  ; cnt_scan[25] ; clk        ; clk      ; None                        ; None                      ; 8.217 ns                ;
; N/A                                     ; 112.35 MHz ( period = 8.901 ns )                    ; cnt_scan[2]  ; cnt_scan[13] ; clk        ; clk      ; None                        ; None                      ; 8.192 ns                ;
; N/A                                     ; 112.35 MHz ( period = 8.901 ns )                    ; cnt_scan[2]  ; cnt_scan[14] ; clk        ; clk      ; None                        ; None                      ; 8.192 ns                ;
; N/A                                     ; 112.35 MHz ( period = 8.901 ns )                    ; cnt_scan[2]  ; cnt_scan[12] ; clk        ; clk      ; None                        ; None                      ; 8.192 ns                ;
; N/A                                     ; 112.35 MHz ( period = 8.901 ns )                    ; cnt_scan[2]  ; cnt_scan[15] ; clk        ; clk      ; None                        ; None                      ; 8.192 ns                ;
; N/A                                     ; 112.35 MHz ( period = 8.901 ns )                    ; cnt_scan[2]  ; cnt_scan[8]  ; clk        ; clk      ; None                        ; None                      ; 8.192 ns                ;
; N/A                                     ; 112.35 MHz ( period = 8.901 ns )                    ; cnt_scan[2]  ; cnt_scan[11] ; clk        ; clk      ; None                        ; None                      ; 8.192 ns                ;
; N/A                                     ; 112.35 MHz ( period = 8.901 ns )                    ; cnt_scan[2]  ; cnt_scan[10] ; clk        ; clk      ; None                        ; None                      ; 8.192 ns                ;
; N/A                                     ; 112.35 MHz ( period = 8.901 ns )                    ; cnt_scan[2]  ; cnt_scan[9]  ; clk        ; clk      ; None                        ; None                      ; 8.192 ns                ;
; N/A                                     ; 112.35 MHz ( period = 8.901 ns )                    ; cnt_scan[2]  ; cnt_scan[16] ; clk        ; clk      ; None                        ; None                      ; 8.192 ns                ;
; N/A                                     ; 112.35 MHz ( period = 8.901 ns )                    ; cnt_scan[2]  ; cnt_scan[17] ; clk        ; clk      ; None                        ; None                      ; 8.192 ns                ;
; N/A                                     ; 113.77 MHz ( period = 8.790 ns )                    ; i[0]         ; i[2]         ; clk        ; clk      ; None                        ; None                      ; 8.081 ns                ;
; N/A                                     ; 114.05 MHz ( period = 8.768 ns )                    ; cnt_scan[1]  ; cnt_scan[18] ; clk        ; clk      ; None                        ; None                      ; 8.059 ns                ;
; N/A                                     ; 114.05 MHz ( period = 8.768 ns )                    ; cnt_scan[1]  ; cnt_scan[19] ; clk        ; clk      ; None                        ; None                      ; 8.059 ns                ;
; N/A                                     ; 114.05 MHz ( period = 8.768 ns )                    ; cnt_scan[1]  ; cnt_scan[20] ; clk        ; clk      ; None                        ; None                      ; 8.059 ns                ;
; N/A                                     ; 114.05 MHz ( period = 8.768 ns )                    ; cnt_scan[1]  ; cnt_scan[21] ; clk        ; clk      ; None                        ; None                      ; 8.059 ns                ;
; N/A                                     ; 114.05 MHz ( period = 8.768 ns )                    ; cnt_scan[1]  ; cnt_scan[22] ; clk        ; clk      ; None                        ; None                      ; 8.059 ns                ;
; N/A                                     ; 114.05 MHz ( period = 8.768 ns )                    ; cnt_scan[1]  ; cnt_scan[23] ; clk        ; clk      ; None                        ; None                      ; 8.059 ns                ;
; N/A                                     ; 114.05 MHz ( period = 8.768 ns )                    ; cnt_scan[1]  ; cnt_scan[24] ; clk        ; clk      ; None                        ; None                      ; 8.059 ns                ;
; N/A                                     ; 114.05 MHz ( period = 8.768 ns )                    ; cnt_scan[1]  ; cnt_scan[25] ; clk        ; clk      ; None                        ; None                      ; 8.059 ns                ;
; N/A                                     ; 114.38 MHz ( period = 8.743 ns )                    ; cnt_scan[1]  ; cnt_scan[13] ; clk        ; clk      ; None                        ; None                      ; 8.034 ns                ;
; N/A                                     ; 114.38 MHz ( period = 8.743 ns )                    ; cnt_scan[1]  ; cnt_scan[14] ; clk        ; clk      ; None                        ; None                      ; 8.034 ns                ;
; N/A                                     ; 114.38 MHz ( period = 8.743 ns )                    ; cnt_scan[1]  ; cnt_scan[12] ; clk        ; clk      ; None                        ; None                      ; 8.034 ns                ;
; N/A                                     ; 114.38 MHz ( period = 8.743 ns )                    ; cnt_scan[1]  ; cnt_scan[15] ; clk        ; clk      ; None                        ; None                      ; 8.034 ns                ;
; N/A                                     ; 114.38 MHz ( period = 8.743 ns )                    ; cnt_scan[1]  ; cnt_scan[8]  ; clk        ; clk      ; None                        ; None                      ; 8.034 ns                ;
; N/A                                     ; 114.38 MHz ( period = 8.743 ns )                    ; cnt_scan[1]  ; cnt_scan[11] ; clk        ; clk      ; None                        ; None                      ; 8.034 ns                ;
; N/A                                     ; 114.38 MHz ( period = 8.743 ns )                    ; cnt_scan[1]  ; cnt_scan[10] ; clk        ; clk      ; None                        ; None                      ; 8.034 ns                ;
; N/A                                     ; 114.38 MHz ( period = 8.743 ns )                    ; cnt_scan[1]  ; cnt_scan[9]  ; clk        ; clk      ; None                        ; None                      ; 8.034 ns                ;
; N/A                                     ; 114.38 MHz ( period = 8.743 ns )                    ; cnt_scan[1]  ; cnt_scan[16] ; clk        ; clk      ; None                        ; None                      ; 8.034 ns                ;
; N/A                                     ; 114.38 MHz ( period = 8.743 ns )                    ; cnt_scan[1]  ; cnt_scan[17] ; clk        ; clk      ; None                        ; None                      ; 8.034 ns                ;
; N/A                                     ; 114.43 MHz ( period = 8.739 ns )                    ; cnt_scan[17] ; cnt_scan[18] ; clk        ; clk      ; None                        ; None                      ; 8.030 ns                ;
; N/A                                     ; 114.43 MHz ( period = 8.739 ns )                    ; cnt_scan[17] ; cnt_scan[19] ; clk        ; clk      ; None                        ; None                      ; 8.030 ns                ;
; N/A                                     ; 114.43 MHz ( period = 8.739 ns )                    ; cnt_scan[17] ; cnt_scan[20] ; clk        ; clk      ; None                        ; None                      ; 8.030 ns                ;
; N/A                                     ; 114.43 MHz ( period = 8.739 ns )                    ; cnt_scan[17] ; cnt_scan[21] ; clk        ; clk      ; None                        ; None                      ; 8.030 ns                ;
; N/A                                     ; 114.43 MHz ( period = 8.739 ns )                    ; cnt_scan[17] ; cnt_scan[22] ; clk        ; clk      ; None                        ; None                      ; 8.030 ns                ;
; N/A                                     ; 114.43 MHz ( period = 8.739 ns )                    ; cnt_scan[17] ; cnt_scan[23] ; clk        ; clk      ; None                        ; None                      ; 8.030 ns                ;
; N/A                                     ; 114.43 MHz ( period = 8.739 ns )                    ; cnt_scan[17] ; cnt_scan[24] ; clk        ; clk      ; None                        ; None                      ; 8.030 ns                ;
; N/A                                     ; 114.43 MHz ( period = 8.739 ns )                    ; cnt_scan[17] ; cnt_scan[25] ; clk        ; clk      ; None                        ; None                      ; 8.030 ns                ;
; N/A                                     ; 114.76 MHz ( period = 8.714 ns )                    ; cnt_scan[17] ; cnt_scan[13] ; clk        ; clk      ; None                        ; None                      ; 8.005 ns                ;
; N/A                                     ; 114.76 MHz ( period = 8.714 ns )                    ; cnt_scan[17] ; cnt_scan[14] ; clk        ; clk      ; None                        ; None                      ; 8.005 ns                ;
; N/A                                     ; 114.76 MHz ( period = 8.714 ns )                    ; cnt_scan[17] ; cnt_scan[12] ; clk        ; clk      ; None                        ; None                      ; 8.005 ns                ;
; N/A                                     ; 114.76 MHz ( period = 8.714 ns )                    ; cnt_scan[17] ; cnt_scan[15] ; clk        ; clk      ; None                        ; None                      ; 8.005 ns                ;
; N/A                                     ; 114.76 MHz ( period = 8.714 ns )                    ; cnt_scan[17] ; cnt_scan[8]  ; clk        ; clk      ; None                        ; None                      ; 8.005 ns                ;
; N/A                                     ; 114.76 MHz ( period = 8.714 ns )                    ; cnt_scan[17] ; cnt_scan[11] ; clk        ; clk      ; None                        ; None                      ; 8.005 ns                ;
; N/A                                     ; 114.76 MHz ( period = 8.714 ns )                    ; cnt_scan[17] ; cnt_scan[10] ; clk        ; clk      ; None                        ; None                      ; 8.005 ns                ;
; N/A                                     ; 114.76 MHz ( period = 8.714 ns )                    ; cnt_scan[17] ; cnt_scan[9]  ; clk        ; clk      ; None                        ; None                      ; 8.005 ns                ;
; N/A                                     ; 114.76 MHz ( period = 8.714 ns )                    ; cnt_scan[17] ; cnt_scan[16] ; clk        ; clk      ; None                        ; None                      ; 8.005 ns                ;
; N/A                                     ; 114.76 MHz ( period = 8.714 ns )                    ; cnt_scan[17] ; cnt_scan[17] ; clk        ; clk      ; None                        ; None                      ; 8.005 ns                ;
; N/A                                     ; 114.84 MHz ( period = 8.708 ns )                    ; cnt_scan[15] ; cnt_scan[18] ; clk        ; clk      ; None                        ; None                      ; 7.999 ns                ;
; N/A                                     ; 114.84 MHz ( period = 8.708 ns )                    ; cnt_scan[15] ; cnt_scan[19] ; clk        ; clk      ; None                        ; None                      ; 7.999 ns                ;
; N/A                                     ; 114.84 MHz ( period = 8.708 ns )                    ; cnt_scan[15] ; cnt_scan[20] ; clk        ; clk      ; None                        ; None                      ; 7.999 ns                ;
; N/A                                     ; 114.84 MHz ( period = 8.708 ns )                    ; cnt_scan[15] ; cnt_scan[21] ; clk        ; clk      ; None                        ; None                      ; 7.999 ns                ;
; N/A                                     ; 114.84 MHz ( period = 8.708 ns )                    ; cnt_scan[15] ; cnt_scan[22] ; clk        ; clk      ; None                        ; None                      ; 7.999 ns                ;
; N/A                                     ; 114.84 MHz ( period = 8.708 ns )                    ; cnt_scan[15] ; cnt_scan[23] ; clk        ; clk      ; None                        ; None                      ; 7.999 ns                ;
; N/A                                     ; 114.84 MHz ( period = 8.708 ns )                    ; cnt_scan[15] ; cnt_scan[24] ; clk        ; clk      ; None                        ; None                      ; 7.999 ns                ;
; N/A                                     ; 114.84 MHz ( period = 8.708 ns )                    ; cnt_scan[15] ; cnt_scan[25] ; clk        ; clk      ; None                        ; None                      ; 7.999 ns                ;
; N/A                                     ; 115.17 MHz ( period = 8.683 ns )                    ; cnt_scan[15] ; cnt_scan[13] ; clk        ; clk      ; None                        ; None                      ; 7.974 ns                ;
; N/A                                     ; 115.17 MHz ( period = 8.683 ns )                    ; cnt_scan[15] ; cnt_scan[14] ; clk        ; clk      ; None                        ; None                      ; 7.974 ns                ;
; N/A                                     ; 115.17 MHz ( period = 8.683 ns )                    ; cnt_scan[15] ; cnt_scan[12] ; clk        ; clk      ; None                        ; None                      ; 7.974 ns                ;
; N/A                                     ; 115.17 MHz ( period = 8.683 ns )                    ; cnt_scan[15] ; cnt_scan[15] ; clk        ; clk      ; None                        ; None                      ; 7.974 ns                ;
; N/A                                     ; 115.17 MHz ( period = 8.683 ns )                    ; cnt_scan[15] ; cnt_scan[8]  ; clk        ; clk      ; None                        ; None                      ; 7.974 ns                ;
; N/A                                     ; 115.17 MHz ( period = 8.683 ns )                    ; cnt_scan[15] ; cnt_scan[11] ; clk        ; clk      ; None                        ; None                      ; 7.974 ns                ;
; N/A                                     ; 115.17 MHz ( period = 8.683 ns )                    ; cnt_scan[15] ; cnt_scan[10] ; clk        ; clk      ; None                        ; None                      ; 7.974 ns                ;
; N/A                                     ; 115.17 MHz ( period = 8.683 ns )                    ; cnt_scan[15] ; cnt_scan[9]  ; clk        ; clk      ; None                        ; None                      ; 7.974 ns                ;
; N/A                                     ; 115.17 MHz ( period = 8.683 ns )                    ; cnt_scan[15] ; cnt_scan[16] ; clk        ; clk      ; None                        ; None                      ; 7.974 ns                ;
; N/A                                     ; 115.17 MHz ( period = 8.683 ns )                    ; cnt_scan[15] ; cnt_scan[17] ; clk        ; clk      ; None                        ; None                      ; 7.974 ns                ;
; N/A                                     ; 115.66 MHz ( period = 8.646 ns )                    ; i[1]         ; i[3]         ; clk        ; clk      ; None                        ; None                      ; 7.937 ns                ;
; N/A                                     ; 116.36 MHz ( period = 8.594 ns )                    ; cnt_scan[18] ; cnt_scan[18] ; clk        ; clk      ; None                        ; None                      ; 7.885 ns                ;
; N/A                                     ; 116.36 MHz ( period = 8.594 ns )                    ; cnt_scan[18] ; cnt_scan[19] ; clk        ; clk      ; None                        ; None                      ; 7.885 ns                ;
; N/A                                     ; 116.36 MHz ( period = 8.594 ns )                    ; cnt_scan[18] ; cnt_scan[20] ; clk        ; clk      ; None                        ; None                      ; 7.885 ns                ;
; N/A                                     ; 116.36 MHz ( period = 8.594 ns )                    ; cnt_scan[18] ; cnt_scan[21] ; clk        ; clk      ; None                        ; None                      ; 7.885 ns                ;
; N/A                                     ; 116.36 MHz ( period = 8.594 ns )                    ; cnt_scan[18] ; cnt_scan[22] ; clk        ; clk      ; None                        ; None                      ; 7.885 ns                ;
; N/A                                     ; 116.36 MHz ( period = 8.594 ns )                    ; cnt_scan[18] ; cnt_scan[23] ; clk        ; clk      ; None                        ; None                      ; 7.885 ns                ;
; N/A                                     ; 116.36 MHz ( period = 8.594 ns )                    ; cnt_scan[18] ; cnt_scan[24] ; clk        ; clk      ; None                        ; None                      ; 7.885 ns                ;
; N/A                                     ; 116.36 MHz ( period = 8.594 ns )                    ; cnt_scan[18] ; cnt_scan[25] ; clk        ; clk      ; None                        ; None                      ; 7.885 ns                ;
; N/A                                     ; 116.66 MHz ( period = 8.572 ns )                    ; cnt_scan[14] ; cnt_scan[18] ; clk        ; clk      ; None                        ; None                      ; 7.863 ns                ;
; N/A                                     ; 116.66 MHz ( period = 8.572 ns )                    ; cnt_scan[14] ; cnt_scan[19] ; clk        ; clk      ; None                        ; None                      ; 7.863 ns                ;
; N/A                                     ; 116.66 MHz ( period = 8.572 ns )                    ; cnt_scan[14] ; cnt_scan[20] ; clk        ; clk      ; None                        ; None                      ; 7.863 ns                ;
; N/A                                     ; 116.66 MHz ( period = 8.572 ns )                    ; cnt_scan[14] ; cnt_scan[21] ; clk        ; clk      ; None                        ; None                      ; 7.863 ns                ;
; N/A                                     ; 116.66 MHz ( period = 8.572 ns )                    ; cnt_scan[14] ; cnt_scan[22] ; clk        ; clk      ; None                        ; None                      ; 7.863 ns                ;
; N/A                                     ; 116.66 MHz ( period = 8.572 ns )                    ; cnt_scan[14] ; cnt_scan[23] ; clk        ; clk      ; None                        ; None                      ; 7.863 ns                ;
; N/A                                     ; 116.66 MHz ( period = 8.572 ns )                    ; cnt_scan[14] ; cnt_scan[24] ; clk        ; clk      ; None                        ; None                      ; 7.863 ns                ;
; N/A                                     ; 116.66 MHz ( period = 8.572 ns )                    ; cnt_scan[14] ; cnt_scan[25] ; clk        ; clk      ; None                        ; None                      ; 7.863 ns                ;
; N/A                                     ; 116.70 MHz ( period = 8.569 ns )                    ; cnt_scan[18] ; cnt_scan[13] ; clk        ; clk      ; None                        ; None                      ; 7.860 ns                ;
; N/A                                     ; 116.70 MHz ( period = 8.569 ns )                    ; cnt_scan[18] ; cnt_scan[14] ; clk        ; clk      ; None                        ; None                      ; 7.860 ns                ;
; N/A                                     ; 116.70 MHz ( period = 8.569 ns )                    ; cnt_scan[18] ; cnt_scan[12] ; clk        ; clk      ; None                        ; None                      ; 7.860 ns                ;
; N/A                                     ; 116.70 MHz ( period = 8.569 ns )                    ; cnt_scan[18] ; cnt_scan[15] ; clk        ; clk      ; None                        ; None                      ; 7.860 ns                ;
; N/A                                     ; 116.70 MHz ( period = 8.569 ns )                    ; cnt_scan[18] ; cnt_scan[8]  ; clk        ; clk      ; None                        ; None                      ; 7.860 ns                ;
; N/A                                     ; 116.70 MHz ( period = 8.569 ns )                    ; cnt_scan[18] ; cnt_scan[11] ; clk        ; clk      ; None                        ; None                      ; 7.860 ns                ;
; N/A                                     ; 116.70 MHz ( period = 8.569 ns )                    ; cnt_scan[18] ; cnt_scan[10] ; clk        ; clk      ; None                        ; None                      ; 7.860 ns                ;
; N/A                                     ; 116.70 MHz ( period = 8.569 ns )                    ; cnt_scan[18] ; cnt_scan[9]  ; clk        ; clk      ; None                        ; None                      ; 7.860 ns                ;
; N/A                                     ; 116.70 MHz ( period = 8.569 ns )                    ; cnt_scan[18] ; cnt_scan[16] ; clk        ; clk      ; None                        ; None                      ; 7.860 ns                ;
; N/A                                     ; 116.70 MHz ( period = 8.569 ns )                    ; cnt_scan[18] ; cnt_scan[17] ; clk        ; clk      ; None                        ; None                      ; 7.860 ns                ;
; N/A                                     ; 116.84 MHz ( period = 8.559 ns )                    ; cnt_scan[16] ; cnt_scan[18] ; clk        ; clk      ; None                        ; None                      ; 7.850 ns                ;
; N/A                                     ; 116.84 MHz ( period = 8.559 ns )                    ; cnt_scan[16] ; cnt_scan[19] ; clk        ; clk      ; None                        ; None                      ; 7.850 ns                ;
; N/A                                     ; 116.84 MHz ( period = 8.559 ns )                    ; cnt_scan[16] ; cnt_scan[20] ; clk        ; clk      ; None                        ; None                      ; 7.850 ns                ;
; N/A                                     ; 116.84 MHz ( period = 8.559 ns )                    ; cnt_scan[16] ; cnt_scan[21] ; clk        ; clk      ; None                        ; None                      ; 7.850 ns                ;
; N/A                                     ; 116.84 MHz ( period = 8.559 ns )                    ; cnt_scan[16] ; cnt_scan[22] ; clk        ; clk      ; None                        ; None                      ; 7.850 ns                ;
; N/A                                     ; 116.84 MHz ( period = 8.559 ns )                    ; cnt_scan[16] ; cnt_scan[23] ; clk        ; clk      ; None                        ; None                      ; 7.850 ns                ;
; N/A                                     ; 116.84 MHz ( period = 8.559 ns )                    ; cnt_scan[16] ; cnt_scan[24] ; clk        ; clk      ; None                        ; None                      ; 7.850 ns                ;
; N/A                                     ; 116.84 MHz ( period = 8.559 ns )                    ; cnt_scan[16] ; cnt_scan[25] ; clk        ; clk      ; None                        ; None                      ; 7.850 ns                ;
; N/A                                     ; 117.00 MHz ( period = 8.547 ns )                    ; cnt_scan[14] ; cnt_scan[13] ; clk        ; clk      ; None                        ; None                      ; 7.838 ns                ;
; N/A                                     ; 117.00 MHz ( period = 8.547 ns )                    ; cnt_scan[14] ; cnt_scan[14] ; clk        ; clk      ; None                        ; None                      ; 7.838 ns                ;
; N/A                                     ; 117.00 MHz ( period = 8.547 ns )                    ; cnt_scan[14] ; cnt_scan[12] ; clk        ; clk      ; None                        ; None                      ; 7.838 ns                ;
; N/A                                     ; 117.00 MHz ( period = 8.547 ns )                    ; cnt_scan[14] ; cnt_scan[15] ; clk        ; clk      ; None                        ; None                      ; 7.838 ns                ;
; N/A                                     ; 117.00 MHz ( period = 8.547 ns )                    ; cnt_scan[14] ; cnt_scan[8]  ; clk        ; clk      ; None                        ; None                      ; 7.838 ns                ;
; N/A                                     ; 117.00 MHz ( period = 8.547 ns )                    ; cnt_scan[14] ; cnt_scan[11] ; clk        ; clk      ; None                        ; None                      ; 7.838 ns                ;
; N/A                                     ; 117.00 MHz ( period = 8.547 ns )                    ; cnt_scan[14] ; cnt_scan[10] ; clk        ; clk      ; None                        ; None                      ; 7.838 ns                ;
; N/A                                     ; 117.00 MHz ( period = 8.547 ns )                    ; cnt_scan[14] ; cnt_scan[9]  ; clk        ; clk      ; None                        ; None                      ; 7.838 ns                ;
; N/A                                     ; 117.00 MHz ( period = 8.547 ns )                    ; cnt_scan[14] ; cnt_scan[16] ; clk        ; clk      ; None                        ; None                      ; 7.838 ns                ;
; N/A                                     ; 117.00 MHz ( period = 8.547 ns )                    ; cnt_scan[14] ; cnt_scan[17] ; clk        ; clk      ; None                        ; None                      ; 7.838 ns                ;
; N/A                                     ; 117.15 MHz ( period = 8.536 ns )                    ; cnt_scan[21] ; cnt_scan[18] ; clk        ; clk      ; None                        ; None                      ; 7.827 ns                ;
; N/A                                     ; 117.15 MHz ( period = 8.536 ns )                    ; cnt_scan[21] ; cnt_scan[19] ; clk        ; clk      ; None                        ; None                      ; 7.827 ns                ;
; N/A                                     ; 117.15 MHz ( period = 8.536 ns )                    ; cnt_scan[21] ; cnt_scan[20] ; clk        ; clk      ; None                        ; None                      ; 7.827 ns                ;
; N/A                                     ; 117.15 MHz ( period = 8.536 ns )                    ; cnt_scan[21] ; cnt_scan[21] ; clk        ; clk      ; None                        ; None                      ; 7.827 ns                ;
; N/A                                     ; 117.15 MHz ( period = 8.536 ns )                    ; cnt_scan[21] ; cnt_scan[22] ; clk        ; clk      ; None                        ; None                      ; 7.827 ns                ;
; N/A                                     ; 117.15 MHz ( period = 8.536 ns )                    ; cnt_scan[21] ; cnt_scan[23] ; clk        ; clk      ; None                        ; None                      ; 7.827 ns                ;
; N/A                                     ; 117.15 MHz ( period = 8.536 ns )                    ; cnt_scan[21] ; cnt_scan[24] ; clk        ; clk      ; None                        ; None                      ; 7.827 ns                ;
; N/A                                     ; 117.15 MHz ( period = 8.536 ns )                    ; cnt_scan[21] ; cnt_scan[25] ; clk        ; clk      ; None                        ; None                      ; 7.827 ns                ;
; N/A                                     ; 117.18 MHz ( period = 8.534 ns )                    ; cnt_scan[16] ; cnt_scan[13] ; clk        ; clk      ; None                        ; None                      ; 7.825 ns                ;
; N/A                                     ; 117.18 MHz ( period = 8.534 ns )                    ; cnt_scan[16] ; cnt_scan[14] ; clk        ; clk      ; None                        ; None                      ; 7.825 ns                ;
; N/A                                     ; 117.18 MHz ( period = 8.534 ns )                    ; cnt_scan[16] ; cnt_scan[12] ; clk        ; clk      ; None                        ; None                      ; 7.825 ns                ;
; N/A                                     ; 117.18 MHz ( period = 8.534 ns )                    ; cnt_scan[16] ; cnt_scan[15] ; clk        ; clk      ; None                        ; None                      ; 7.825 ns                ;
; N/A                                     ; 117.18 MHz ( period = 8.534 ns )                    ; cnt_scan[16] ; cnt_scan[8]  ; clk        ; clk      ; None                        ; None                      ; 7.825 ns                ;
; N/A                                     ; 117.18 MHz ( period = 8.534 ns )                    ; cnt_scan[16] ; cnt_scan[11] ; clk        ; clk      ; None                        ; None                      ; 7.825 ns                ;
; N/A                                     ; 117.18 MHz ( period = 8.534 ns )                    ; cnt_scan[16] ; cnt_scan[10] ; clk        ; clk      ; None                        ; None                      ; 7.825 ns                ;
; N/A                                     ; 117.18 MHz ( period = 8.534 ns )                    ; cnt_scan[16] ; cnt_scan[9]  ; clk        ; clk      ; None                        ; None                      ; 7.825 ns                ;
; N/A                                     ; 117.18 MHz ( period = 8.534 ns )                    ; cnt_scan[16] ; cnt_scan[16] ; clk        ; clk      ; None                        ; None                      ; 7.825 ns                ;
; N/A                                     ; 117.18 MHz ( period = 8.534 ns )                    ; cnt_scan[16] ; cnt_scan[17] ; clk        ; clk      ; None                        ; None                      ; 7.825 ns                ;
; N/A                                     ; 117.37 MHz ( period = 8.520 ns )                    ; cnt_scan[4]  ; cnt_scan[4]  ; clk        ; clk      ; None                        ; None                      ; 7.811 ns                ;
; N/A                                     ; 117.37 MHz ( period = 8.520 ns )                    ; cnt_scan[4]  ; cnt_scan[3]  ; clk        ; clk      ; None                        ; None                      ; 7.811 ns                ;
; N/A                                     ; 117.37 MHz ( period = 8.520 ns )                    ; cnt_scan[4]  ; cnt_scan[2]  ; clk        ; clk      ; None                        ; None                      ; 7.811 ns                ;
; N/A                                     ; 117.37 MHz ( period = 8.520 ns )                    ; cnt_scan[4]  ; cnt_scan[1]  ; clk        ; clk      ; None                        ; None                      ; 7.811 ns                ;
; N/A                                     ; 117.37 MHz ( period = 8.520 ns )                    ; cnt_scan[4]  ; cnt_scan[0]  ; clk        ; clk      ; None                        ; None                      ; 7.811 ns                ;
; N/A                                     ; 117.37 MHz ( period = 8.520 ns )                    ; cnt_scan[4]  ; cnt_scan[5]  ; clk        ; clk      ; None                        ; None                      ; 7.811 ns                ;
; N/A                                     ; 117.37 MHz ( period = 8.520 ns )                    ; cnt_scan[4]  ; cnt_scan[7]  ; clk        ; clk      ; None                        ; None                      ; 7.811 ns                ;
; N/A                                     ; 117.37 MHz ( period = 8.520 ns )                    ; cnt_scan[4]  ; cnt_scan[6]  ; clk        ; clk      ; None                        ; None                      ; 7.811 ns                ;
; N/A                                     ; 117.50 MHz ( period = 8.511 ns )                    ; cnt_scan[21] ; cnt_scan[13] ; clk        ; clk      ; None                        ; None                      ; 7.802 ns                ;
; N/A                                     ; 117.50 MHz ( period = 8.511 ns )                    ; cnt_scan[21] ; cnt_scan[14] ; clk        ; clk      ; None                        ; None                      ; 7.802 ns                ;
; N/A                                     ; 117.50 MHz ( period = 8.511 ns )                    ; cnt_scan[21] ; cnt_scan[12] ; clk        ; clk      ; None                        ; None                      ; 7.802 ns                ;
; N/A                                     ; 117.50 MHz ( period = 8.511 ns )                    ; cnt_scan[21] ; cnt_scan[15] ; clk        ; clk      ; None                        ; None                      ; 7.802 ns                ;
; N/A                                     ; 117.50 MHz ( period = 8.511 ns )                    ; cnt_scan[21] ; cnt_scan[8]  ; clk        ; clk      ; None                        ; None                      ; 7.802 ns                ;
; N/A                                     ; 117.50 MHz ( period = 8.511 ns )                    ; cnt_scan[21] ; cnt_scan[11] ; clk        ; clk      ; None                        ; None                      ; 7.802 ns                ;
; N/A                                     ; 117.50 MHz ( period = 8.511 ns )                    ; cnt_scan[21] ; cnt_scan[10] ; clk        ; clk      ; None                        ; None                      ; 7.802 ns                ;
; N/A                                     ; 117.50 MHz ( period = 8.511 ns )                    ; cnt_scan[21] ; cnt_scan[9]  ; clk        ; clk      ; None                        ; None                      ; 7.802 ns                ;
; N/A                                     ; 117.50 MHz ( period = 8.511 ns )                    ; cnt_scan[21] ; cnt_scan[16] ; clk        ; clk      ; None                        ; None                      ; 7.802 ns                ;
; N/A                                     ; 117.50 MHz ( period = 8.511 ns )                    ; cnt_scan[21] ; cnt_scan[17] ; clk        ; clk      ; None                        ; None                      ; 7.802 ns                ;
; N/A                                     ; 117.62 MHz ( period = 8.502 ns )                    ; cnt_scan[4]  ; clk1         ; clk        ; clk      ; None                        ; None                      ; 7.793 ns                ;
; N/A                                     ; 118.43 MHz ( period = 8.444 ns )                    ; i[1]         ; i[2]         ; clk        ; clk      ; None                        ; None                      ; 7.735 ns                ;
; N/A                                     ; 118.68 MHz ( period = 8.426 ns )                    ; cnt_scan[3]  ; cnt_scan[18] ; clk        ; clk      ; None                        ; None                      ; 7.717 ns                ;
; N/A                                     ; 118.68 MHz ( period = 8.426 ns )                    ; cnt_scan[3]  ; cnt_scan[19] ; clk        ; clk      ; None                        ; None                      ; 7.717 ns                ;
; N/A                                     ; 118.68 MHz ( period = 8.426 ns )                    ; cnt_scan[3]  ; cnt_scan[20] ; clk        ; clk      ; None                        ; None                      ; 7.717 ns                ;
; N/A                                     ; 118.68 MHz ( period = 8.426 ns )                    ; cnt_scan[3]  ; cnt_scan[21] ; clk        ; clk      ; None                        ; None                      ; 7.717 ns                ;
; N/A                                     ; 118.68 MHz ( period = 8.426 ns )                    ; cnt_scan[3]  ; cnt_scan[22] ; clk        ; clk      ; None                        ; None                      ; 7.717 ns                ;
; N/A                                     ; 118.68 MHz ( period = 8.426 ns )                    ; cnt_scan[3]  ; cnt_scan[23] ; clk        ; clk      ; None                        ; None                      ; 7.717 ns                ;
; N/A                                     ; 118.68 MHz ( period = 8.426 ns )                    ; cnt_scan[3]  ; cnt_scan[24] ; clk        ; clk      ; None                        ; None                      ; 7.717 ns                ;
; N/A                                     ; 118.68 MHz ( period = 8.426 ns )                    ; cnt_scan[3]  ; cnt_scan[25] ; clk        ; clk      ; None                        ; None                      ; 7.717 ns                ;
; N/A                                     ; 118.98 MHz ( period = 8.405 ns )                    ; cnt_scan[8]  ; cnt_scan[18] ; clk        ; clk      ; None                        ; None                      ; 7.696 ns                ;
; N/A                                     ; 118.98 MHz ( period = 8.405 ns )                    ; cnt_scan[8]  ; cnt_scan[19] ; clk        ; clk      ; None                        ; None                      ; 7.696 ns                ;
; N/A                                     ; 118.98 MHz ( period = 8.405 ns )                    ; cnt_scan[8]  ; cnt_scan[20] ; clk        ; clk      ; None                        ; None                      ; 7.696 ns                ;
; N/A                                     ; 118.98 MHz ( period = 8.405 ns )                    ; cnt_scan[8]  ; cnt_scan[21] ; clk        ; clk      ; None                        ; None                      ; 7.696 ns                ;
; N/A                                     ; 118.98 MHz ( period = 8.405 ns )                    ; cnt_scan[8]  ; cnt_scan[22] ; clk        ; clk      ; None                        ; None                      ; 7.696 ns                ;
; N/A                                     ; 118.98 MHz ( period = 8.405 ns )                    ; cnt_scan[8]  ; cnt_scan[23] ; clk        ; clk      ; None                        ; None                      ; 7.696 ns                ;
; N/A                                     ; 118.98 MHz ( period = 8.405 ns )                    ; cnt_scan[8]  ; cnt_scan[24] ; clk        ; clk      ; None                        ; None                      ; 7.696 ns                ;
; N/A                                     ; 118.98 MHz ( period = 8.405 ns )                    ; cnt_scan[8]  ; cnt_scan[25] ; clk        ; clk      ; None                        ; None                      ; 7.696 ns                ;
; N/A                                     ; 119.03 MHz ( period = 8.401 ns )                    ; cnt_scan[3]  ; cnt_scan[13] ; clk        ; clk      ; None                        ; None                      ; 7.692 ns                ;
; N/A                                     ; 119.03 MHz ( period = 8.401 ns )                    ; cnt_scan[3]  ; cnt_scan[14] ; clk        ; clk      ; None                        ; None                      ; 7.692 ns                ;
; N/A                                     ; 119.03 MHz ( period = 8.401 ns )                    ; cnt_scan[3]  ; cnt_scan[12] ; clk        ; clk      ; None                        ; None                      ; 7.692 ns                ;
; N/A                                     ; 119.03 MHz ( period = 8.401 ns )                    ; cnt_scan[3]  ; cnt_scan[15] ; clk        ; clk      ; None                        ; None                      ; 7.692 ns                ;
; N/A                                     ; 119.03 MHz ( period = 8.401 ns )                    ; cnt_scan[3]  ; cnt_scan[8]  ; clk        ; clk      ; None                        ; None                      ; 7.692 ns                ;
; N/A                                     ; 119.03 MHz ( period = 8.401 ns )                    ; cnt_scan[3]  ; cnt_scan[11] ; clk        ; clk      ; None                        ; None                      ; 7.692 ns                ;
; N/A                                     ; 119.03 MHz ( period = 8.401 ns )                    ; cnt_scan[3]  ; cnt_scan[10] ; clk        ; clk      ; None                        ; None                      ; 7.692 ns                ;
; N/A                                     ; 119.03 MHz ( period = 8.401 ns )                    ; cnt_scan[3]  ; cnt_scan[9]  ; clk        ; clk      ; None                        ; None                      ; 7.692 ns                ;
; N/A                                     ; 119.03 MHz ( period = 8.401 ns )                    ; cnt_scan[3]  ; cnt_scan[16] ; clk        ; clk      ; None                        ; None                      ; 7.692 ns                ;
; Timing analysis restricted to 200 rows. ; To change the limit use Settings (Assignments menu) ;              ;              ;            ;          ;                             ;                           ;                         ;
+-----------------------------------------+-----------------------------------------------------+--------------+--------------+------------+----------+-----------------------------+---------------------------+-------------------------+


+-------------------------------------------------------------+
; tsu                                                         ;
+-------+--------------+------------+-------+------+----------+
; Slack ; Required tsu ; Actual tsu ; From  ; To   ; To Clock ;
+-------+--------------+------------+-------+------+----------+
; N/A   ; None         ; 2.386 ns   ; reset ; clk1 ; clk      ;
; N/A   ; None         ; -4.874 ns  ; reset ; i[5] ; clk      ;
; N/A   ; None         ; -4.874 ns  ; reset ; i[4] ; clk      ;
; N/A   ; None         ; -4.904 ns  ; reset ; i[3] ; clk      ;
; N/A   ; None         ; -4.904 ns  ; reset ; i[2] ; clk      ;
; N/A   ; None         ; -4.904 ns  ; reset ; i[0] ; clk      ;
; N/A   ; None         ; -4.904 ns  ; reset ; i[1] ; clk      ;
+-------+--------------+------------+-------+------+----------+


+----------------------------------------------------------------------------+
; tco                                                                        ;
+-------+--------------+------------+--------------+------------+------------+
; Slack ; Required tco ; Actual tco ; From         ; To         ; From Clock ;
+-------+--------------+------------+--------------+------------+------------+
; N/A   ; None         ; 42.930 ns  ; i[1]         ; segout[4]  ; clk        ;
; N/A   ; None         ; 42.904 ns  ; i[2]         ; segout[4]  ; clk        ;
; N/A   ; None         ; 42.497 ns  ; i[1]         ; segout[2]  ; clk        ;
; N/A   ; None         ; 42.471 ns  ; i[2]         ; segout[2]  ; clk        ;
; N/A   ; None         ; 42.258 ns  ; i[0]         ; segout[4]  ; clk        ;
; N/A   ; None         ; 42.152 ns  ; i[3]         ; segout[4]  ; clk        ;
; N/A   ; None         ; 41.887 ns  ; i[1]         ; segout[1]  ; clk        ;
; N/A   ; None         ; 41.861 ns  ; i[2]         ; segout[1]  ; clk        ;
; N/A   ; None         ; 41.719 ns  ; i[3]         ; segout[2]  ; clk        ;
; N/A   ; None         ; 41.712 ns  ; i[0]         ; segout[1]  ; clk        ;
; N/A   ; None         ; 41.696 ns  ; i[0]         ; segout[3]  ; clk        ;
; N/A   ; None         ; 41.539 ns  ; i[0]         ; segout[7]  ; clk        ;
; N/A   ; None         ; 41.465 ns  ; i[0]         ; segout[2]  ; clk        ;
; N/A   ; None         ; 41.443 ns  ; i[0]         ; segout[5]  ; clk        ;
; N/A   ; None         ; 41.230 ns  ; i[3]         ; segout[6]  ; clk        ;
; N/A   ; None         ; 41.109 ns  ; i[3]         ; segout[1]  ; clk        ;
; N/A   ; None         ; 41.090 ns  ; i[1]         ; segout[6]  ; clk        ;
; N/A   ; None         ; 41.019 ns  ; i[0]         ; segout[6]  ; clk        ;
; N/A   ; None         ; 40.819 ns  ; i[2]         ; segout[6]  ; clk        ;
; N/A   ; None         ; 40.764 ns  ; i[1]         ; segout[5]  ; clk        ;
; N/A   ; None         ; 40.692 ns  ; i[2]         ; segout[3]  ; clk        ;
; N/A   ; None         ; 40.654 ns  ; i[1]         ; segout[3]  ; clk        ;
; N/A   ; None         ; 40.598 ns  ; i[2]         ; segout[5]  ; clk        ;
; N/A   ; None         ; 40.535 ns  ; i[2]         ; segout[7]  ; clk        ;
; N/A   ; None         ; 40.497 ns  ; i[1]         ; segout[7]  ; clk        ;
; N/A   ; None         ; 40.132 ns  ; i[3]         ; segout[5]  ; clk        ;
; N/A   ; None         ; 40.044 ns  ; i[4]         ; segout[4]  ; clk        ;
; N/A   ; None         ; 39.891 ns  ; i[3]         ; segout[7]  ; clk        ;
; N/A   ; None         ; 39.871 ns  ; i[5]         ; segout[4]  ; clk        ;
; N/A   ; None         ; 39.611 ns  ; i[4]         ; segout[2]  ; clk        ;
; N/A   ; None         ; 39.438 ns  ; i[5]         ; segout[2]  ; clk        ;
; N/A   ; None         ; 39.424 ns  ; i[4]         ; segout[6]  ; clk        ;
; N/A   ; None         ; 39.341 ns  ; i[0]         ; segout[0]  ; clk        ;
; N/A   ; None         ; 39.283 ns  ; i[3]         ; segout[3]  ; clk        ;
; N/A   ; None         ; 39.001 ns  ; i[4]         ; segout[1]  ; clk        ;
; N/A   ; None         ; 38.828 ns  ; i[5]         ; segout[1]  ; clk        ;
; N/A   ; None         ; 38.792 ns  ; i[3]         ; segout[0]  ; clk        ;
; N/A   ; None         ; 38.441 ns  ; i[1]         ; segout[0]  ; clk        ;
; N/A   ; None         ; 38.415 ns  ; i[2]         ; segout[0]  ; clk        ;
; N/A   ; None         ; 38.363 ns  ; i[5]         ; segout[6]  ; clk        ;
; N/A   ; None         ; 38.326 ns  ; i[4]         ; segout[5]  ; clk        ;
; N/A   ; None         ; 38.296 ns  ; i[4]         ; segout[3]  ; clk        ;
; N/A   ; None         ; 38.085 ns  ; i[4]         ; segout[7]  ; clk        ;
; N/A   ; None         ; 37.813 ns  ; i[5]         ; segout[5]  ; clk        ;
; N/A   ; None         ; 37.567 ns  ; i[5]         ; segout[3]  ; clk        ;
; N/A   ; None         ; 37.156 ns  ; i[5]         ; segout[7]  ; clk        ;
; N/A   ; None         ; 36.986 ns  ; i[4]         ; segout[0]  ; clk        ;
; N/A   ; None         ; 35.630 ns  ; i[5]         ; segout[0]  ; clk        ;
; N/A   ; None         ; 17.214 ns  ; cnt_scan[13] ; segout[5]  ; clk        ;
; N/A   ; None         ; 16.689 ns  ; cnt_scan[14] ; segout[4]  ; clk        ;
; N/A   ; None         ; 16.337 ns  ; cnt_scan[13] ; segout[4]  ; clk        ;
; N/A   ; None         ; 15.604 ns  ; cnt_scan[13] ; segout[6]  ; clk        ;
; N/A   ; None         ; 15.589 ns  ; cnt_scan[13] ; segout[0]  ; clk        ;
; N/A   ; None         ; 15.267 ns  ; cnt_scan[13] ; segout[3]  ; clk        ;
; N/A   ; None         ; 15.164 ns  ; cnt_scan[13] ; segout[2]  ; clk        ;
; N/A   ; None         ; 14.872 ns  ; cnt_scan[14] ; segout[6]  ; clk        ;
; N/A   ; None         ; 14.800 ns  ; cnt_scan[14] ; segout[2]  ; clk        ;
; N/A   ; None         ; 14.640 ns  ; cnt_scan[14] ; segout[0]  ; clk        ;
; N/A   ; None         ; 14.602 ns  ; cnt_scan[15] ; segout[4]  ; clk        ;
; N/A   ; None         ; 14.470 ns  ; cnt_scan[14] ; segout[1]  ; clk        ;
; N/A   ; None         ; 14.410 ns  ; cnt_scan[14] ; segout[3]  ; clk        ;
; N/A   ; None         ; 14.383 ns  ; cnt_scan[14] ; segout[7]  ; clk        ;
; N/A   ; None         ; 14.187 ns  ; cnt_scan[14] ; segout[5]  ; clk        ;
; N/A   ; None         ; 13.774 ns  ; cnt_scan[15] ; segout[1]  ; clk        ;
; N/A   ; None         ; 13.638 ns  ; cnt_scan[13] ; segout[1]  ; clk        ;
; N/A   ; None         ; 13.553 ns  ; cnt_scan[13] ; segout[7]  ; clk        ;
; N/A   ; None         ; 13.271 ns  ; cnt_scan[15] ; segout[0]  ; clk        ;
; N/A   ; None         ; 13.225 ns  ; cnt_scan[15] ; segout[5]  ; clk        ;
; N/A   ; None         ; 13.173 ns  ; cnt_scan[15] ; segout[6]  ; clk        ;
; N/A   ; None         ; 13.143 ns  ; cnt_scan[15] ; segout[7]  ; clk        ;
; N/A   ; None         ; 13.077 ns  ; cnt_scan[15] ; segout[2]  ; clk        ;
; N/A   ; None         ; 11.489 ns  ; cnt_scan[15] ; segout[3]  ; clk        ;
; N/A   ; None         ; 10.593 ns  ; cnt_scan[14] ; scanout[1] ; clk        ;
; N/A   ; None         ; 10.549 ns  ; cnt_scan[15] ; scanout[2] ; clk        ;
; N/A   ; None         ; 9.874 ns   ; cnt_scan[13] ; scanout[0] ; clk        ;
+-------+--------------+------------+--------------+------------+------------+


+-------------------------------------------------------------------+
; th                                                                ;
+---------------+-------------+-----------+-------+------+----------+
; Minimum Slack ; Required th ; Actual th ; From  ; To   ; To Clock ;
+---------------+-------------+-----------+-------+------+----------+
; N/A           ; None        ; 5.458 ns  ; reset ; i[3] ; clk      ;
; N/A           ; None        ; 5.458 ns  ; reset ; i[2] ; clk      ;
; N/A           ; None        ; 5.458 ns  ; reset ; i[0] ; clk      ;
; N/A           ; None        ; 5.458 ns  ; reset ; i[1] ; clk      ;
; N/A           ; None        ; 5.428 ns  ; reset ; i[5] ; clk      ;
; N/A           ; None        ; 5.428 ns  ; reset ; i[4] ; clk      ;
; N/A           ; None        ; -1.832 ns ; reset ; clk1 ; clk      ;
+---------------+-------------+-----------+-------+------+----------+


+--------------------------+
; Timing Analyzer Messages ;
+--------------------------+
Info: *******************************************************************
Info: Running Quartus II Classic Timing Analyzer
    Info: Version 8.1 Build 163 10/28/2008 SJ Web Edition
    Info: Processing started: Thu Nov 04 11:28:47 2021
Info: Command: quartus_tan --read_settings_files=off --write_settings_files=off matrix8xRotate -c matrix8xRotate
Info: Started post-fitting delay annotation
Info: Delay annotation completed successfully
Warning: Found pins functioning as undefined clocks and/or memory enables
    Info: Assuming node "clk" is an undefined clock
Warning: Found 1 node(s) in clock paths which may be acting as ripple and/or gated clocks -- node(s) analyzed as buffer(s) resulting in clock skew
    Info: Detected ripple clock "clk1" as buffer
Info: Clock "clk" has Internal fmax of 109.78 MHz between source register "cnt_scan[4]" and destination register "cnt_scan[18]" (period= 9.109 ns)
    Info: + Longest register to register delay is 8.400 ns
        Info: 1: + IC(0.000 ns) + CELL(0.000 ns) = 0.000 ns; Loc. = LC_X3_Y7_N6; Fanout = 4; REG Node = 'cnt_scan[4]'
        Info: 2: + IC(1.303 ns) + CELL(0.914 ns) = 2.217 ns; Loc. = LC_X2_Y7_N4; Fanout = 1; COMB Node = 'Equal0~282'
        Info: 3: + IC(0.756 ns) + CELL(0.511 ns) = 3.484 ns; Loc. = LC_X2_Y7_N2; Fanout = 1; COMB Node = 'Equal0~283'
        Info: 4: + IC(0.711 ns) + CELL(0.740 ns) = 4.935 ns; Loc. = LC_X2_Y7_N6; Fanout = 27; COMB Node = 'Equal0~289'
        Info: 5: + IC(1.705 ns) + CELL(1.760 ns) = 8.400 ns; Loc. = LC_X5_Y7_N0; Fanout = 4; REG Node = 'cnt_scan[18]'
        Info: Total cell delay = 3.925 ns ( 46.73 % )
        Info: Total interconnect delay = 4.475 ns ( 53.27 % )
    Info: - Smallest clock skew is 0.000 ns
        Info: + Shortest clock path from clock "clk" to destination register is 3.681 ns
            Info: 1: + IC(0.000 ns) + CELL(1.163 ns) = 1.163 ns; Loc. = PIN_18; Fanout = 27; CLK Node = 'clk'
            Info: 2: + IC(1.600 ns) + CELL(0.918 ns) = 3.681 ns; Loc. = LC_X5_Y7_N0; Fanout = 4; REG Node = 'cnt_scan[18]'
            Info: Total cell delay = 2.081 ns ( 56.53 % )
            Info: Total interconnect delay = 1.600 ns ( 43.47 % )
        Info: - Longest clock path from clock "clk" to source register is 3.681 ns
            Info: 1: + IC(0.000 ns) + CELL(1.163 ns) = 1.163 ns; Loc. = PIN_18; Fanout = 27; CLK Node = 'clk'
            Info: 2: + IC(1.600 ns) + CELL(0.918 ns) = 3.681 ns; Loc. = LC_X3_Y7_N6; Fanout = 4; REG Node = 'cnt_scan[4]'
            Info: Total cell delay = 2.081 ns ( 56.53 % )
            Info: Total interconnect delay = 1.600 ns ( 43.47 % )
    Info: + Micro clock to output delay of source is 0.376 ns
    Info: + Micro setup delay of destination is 0.333 ns
Info: tsu for register "clk1" (data pin = "reset", clock pin = "clk") is 2.386 ns
    Info: + Longest pin to register delay is 5.734 ns
        Info: 1: + IC(0.000 ns) + CELL(1.163 ns) = 1.163 ns; Loc. = PIN_89; Fanout = 33; PIN Node = 'reset'
        Info: 2: + IC(3.767 ns) + CELL(0.804 ns) = 5.734 ns; Loc. = LC_X3_Y7_N1; Fanout = 7; REG Node = 'clk1'
        Info: Total cell delay = 1.967 ns ( 34.30 % )
        Info: Total interconnect delay = 3.767 ns ( 65.70 % )
    Info: + Micro setup delay of destination is 0.333 ns
    Info: - Shortest clock path from clock "clk" to destination register is 3.681 ns
        Info: 1: + IC(0.000 ns) + CELL(1.163 ns) = 1.163 ns; Loc. = PIN_18; Fanout = 27; CLK Node = 'clk'
        Info: 2: + IC(1.600 ns) + CELL(0.918 ns) = 3.681 ns; Loc. = LC_X3_Y7_N1; Fanout = 7; REG Node = 'clk1'
        Info: Total cell delay = 2.081 ns ( 56.53 % )
        Info: Total interconnect delay = 1.600 ns ( 43.47 % )
Info: tco from clock "clk" to destination pin "segout[4]" through register "i[1]" is 42.930 ns
    Info: + Longest clock path from clock "clk" to source register is 9.840 ns
        Info: 1: + IC(0.000 ns) + CELL(1.163 ns) = 1.163 ns; Loc. = PIN_18; Fanout = 27; CLK Node = 'clk'
        Info: 2: + IC(1.600 ns) + CELL(1.294 ns) = 4.057 ns; Loc. = LC_X3_Y7_N1; Fanout = 7; REG Node = 'clk1'
        Info: 3: + IC(4.865 ns) + CELL(0.918 ns) = 9.840 ns; Loc. = LC_X9_Y5_N9; Fanout = 73; REG Node = 'i[1]'
        Info: Total cell delay = 3.375 ns ( 34.30 % )
        Info: Total interconnect delay = 6.465 ns ( 65.70 % )
    Info: + Micro clock to output delay of source is 0.376 ns
    Info: + Longest register to pin delay is 32.714 ns
        Info: 1: + IC(0.000 ns) + CELL(0.000 ns) = 0.000 ns; Loc. = LC_X9_Y5_N9; Fanout = 73; REG Node = 'i[1]'
        Info: 2: + IC(2.675 ns) + CELL(0.747 ns) = 3.422 ns; Loc. = LC_X12_Y1_N2; Fanout = 2; COMB Node = 'Add2~66'
        Info: 3: + IC(0.000 ns) + CELL(0.123 ns) = 3.545 ns; Loc. = LC_X12_Y1_N3; Fanout = 2; COMB Node = 'Add2~64'
        Info: 4: + IC(0.000 ns) + CELL(0.815 ns) = 4.360 ns; Loc. = LC_X12_Y1_N4; Fanout = 4; COMB Node = 'Add2~61'
        Info: 5: + IC(0.692 ns) + CELL(0.978 ns) = 6.030 ns; Loc. = LC_X12_Y1_N8; Fanout = 1; COMB Node = 'lpm_divide:Mod1|lpm_divide_unl:auto_generated|sign_div_unsign_ckh:divider|alt_u_div_jie:divider|add_sub_j7c:add_sub_5|add_sub_cella[2]~COUT'
        Info: 6: + IC(0.000 ns) + CELL(0.815 ns) = 6.845 ns; Loc. = LC_X12_Y1_N9; Fanout = 3; COMB Node = 'lpm_divide:Mod1|lpm_divide_unl:auto_generated|sign_div_unsign_ckh:divider|alt_u_div_jie:divider|add_sub_j7c:add_sub_5|add_sub_cella[3]~49'
        Info: 7: + IC(2.358 ns) + CELL(0.978 ns) = 10.181 ns; Loc. = LC_X12_Y2_N6; Fanout = 2; COMB Node = 'lpm_divide:Mod1|lpm_divide_unl:auto_generated|sign_div_unsign_ckh:divider|alt_u_div_jie:divider|add_sub_j7c:add_sub_5|add_sub_cella[3]~44'
        Info: 8: + IC(0.000 ns) + CELL(0.123 ns) = 10.304 ns; Loc. = LC_X12_Y2_N7; Fanout = 2; COMB Node = 'lpm_divide:Mod1|lpm_divide_unl:auto_generated|sign_div_unsign_ckh:divider|alt_u_div_jie:divider|add_sub_j7c:add_sub_5|add_sub_cella[3]~42'
        Info: 9: + IC(0.000 ns) + CELL(0.123 ns) = 10.427 ns; Loc. = LC_X12_Y2_N8; Fanout = 1; COMB Node = 'lpm_divide:Mod1|lpm_divide_unl:auto_generated|sign_div_unsign_ckh:divider|alt_u_div_jie:divider|add_sub_j7c:add_sub_5|add_sub_cella[3]~46'
        Info: 10: + IC(0.000 ns) + CELL(0.815 ns) = 11.242 ns; Loc. = LC_X12_Y2_N9; Fanout = 7; COMB Node = 'lpm_divide:Mod1|lpm_divide_unl:auto_generated|sign_div_unsign_ckh:divider|alt_u_div_jie:divider|add_sub_j7c:add_sub_5|add_sub_cella[3]~39'
        Info: 11: + IC(0.809 ns) + CELL(0.200 ns) = 12.251 ns; Loc. = LC_X12_Y2_N4; Fanout = 4; COMB Node = 'lpm_divide:Mod1|lpm_divide_unl:auto_generated|sign_div_unsign_ckh:divider|alt_u_div_jie:divider|StageOut[38]~24'
        Info: 12: + IC(2.084 ns) + CELL(0.978 ns) = 15.313 ns; Loc. = LC_X12_Y5_N1; Fanout = 2; COMB Node = 'lpm_divide:Mod1|lpm_divide_unl:auto_generated|sign_div_unsign_ckh:divider|alt_u_div_jie:divider|add_sub_k7c:add_sub_6|add_sub_cella[3]~56'
        Info: 13: + IC(0.000 ns) + CELL(0.123 ns) = 15.436 ns; Loc. = LC_X12_Y5_N2; Fanout = 1; COMB Node = 'lpm_divide:Mod1|lpm_divide_unl:auto_generated|sign_div_unsign_ckh:divider|alt_u_div_jie:divider|add_sub_k7c:add_sub_6|add_sub_cella[3]~50'
        Info: 14: + IC(0.000 ns) + CELL(0.123 ns) = 15.559 ns; Loc. = LC_X12_Y5_N3; Fanout = 1; COMB Node = 'lpm_divide:Mod1|lpm_divide_unl:auto_generated|sign_div_unsign_ckh:divider|alt_u_div_jie:divider|add_sub_k7c:add_sub_6|add_sub_cella[3]~58'
        Info: 15: + IC(0.000 ns) + CELL(0.815 ns) = 16.374 ns; Loc. = LC_X12_Y5_N4; Fanout = 4; COMB Node = 'lpm_divide:Mod1|lpm_divide_unl:auto_generated|sign_div_unsign_ckh:divider|alt_u_div_jie:divider|add_sub_k7c:add_sub_6|add_sub_cella[3]~51'
        Info: 16: + IC(0.799 ns) + CELL(0.511 ns) = 17.684 ns; Loc. = LC_X12_Y5_N8; Fanout = 17; COMB Node = 'lpm_divide:Mod1|lpm_divide_unl:auto_generated|sign_div_unsign_ckh:divider|alt_u_div_jie:divider|StageOut[45]~391'
        Info: 17: + IC(3.631 ns) + CELL(0.200 ns) = 21.515 ns; Loc. = LC_X11_Y4_N0; Fanout = 1; COMB Node = 'Mux19~417'
        Info: 18: + IC(0.761 ns) + CELL(0.511 ns) = 22.787 ns; Loc. = LC_X11_Y4_N8; Fanout = 1; COMB Node = 'Mux19~418'
        Info: 19: + IC(0.305 ns) + CELL(0.200 ns) = 23.292 ns; Loc. = LC_X11_Y4_N9; Fanout = 1; COMB Node = 'Mux19~420'
        Info: 20: + IC(1.800 ns) + CELL(0.740 ns) = 25.832 ns; Loc. = LC_X9_Y4_N3; Fanout = 1; COMB Node = 'Mux67~27'
        Info: 21: + IC(0.729 ns) + CELL(0.200 ns) = 26.761 ns; Loc. = LC_X9_Y4_N0; Fanout = 1; COMB Node = 'Mux67~28'
        Info: 22: + IC(3.631 ns) + CELL(2.322 ns) = 32.714 ns; Loc. = PIN_6; Fanout = 0; PIN Node = 'segout[4]'
        Info: Total cell delay = 12.440 ns ( 38.03 % )
        Info: Total interconnect delay = 20.274 ns ( 61.97 % )
Info: th for register "i[3]" (data pin = "reset", clock pin = "clk") is 5.458 ns
    Info: + Longest clock path from clock "clk" to destination register is 9.840 ns
        Info: 1: + IC(0.000 ns) + CELL(1.163 ns) = 1.163 ns; Loc. = PIN_18; Fanout = 27; CLK Node = 'clk'
        Info: 2: + IC(1.600 ns) + CELL(1.294 ns) = 4.057 ns; Loc. = LC_X3_Y7_N1; Fanout = 7; REG Node = 'clk1'
        Info: 3: + IC(4.865 ns) + CELL(0.918 ns) = 9.840 ns; Loc. = LC_X10_Y5_N9; Fanout = 44; REG Node = 'i[3]'
        Info: Total cell delay = 3.375 ns ( 34.30 % )
        Info: Total interconnect delay = 6.465 ns ( 65.70 % )
    Info: + Micro hold delay of destination is 0.221 ns
    Info: - Shortest pin to register delay is 4.603 ns
        Info: 1: + IC(0.000 ns) + CELL(1.163 ns) = 1.163 ns; Loc. = PIN_89; Fanout = 33; PIN Node = 'reset'
        Info: 2: + IC(2.197 ns) + CELL(1.243 ns) = 4.603 ns; Loc. = LC_X10_Y5_N9; Fanout = 44; REG Node = 'i[3]'
        Info: Total cell delay = 2.406 ns ( 52.27 % )
        Info: Total interconnect delay = 2.197 ns ( 47.73 % )
Info: Quartus II Classic Timing Analyzer was successful. 0 errors, 2 warnings
    Info: Peak virtual memory: 192 megabytes
    Info: Processing ended: Thu Nov 04 11:28:49 2021
    Info: Elapsed time: 00:00:02
    Info: Total CPU time (on all processors): 00:00:01


