Classic Timing Analyzer report for marquee
Thu Oct 14 11:34:52 2021
Quartus II Version 8.1 Build 163 10/28/2008 SJ Web Edition


---------------------
; Table of Contents ;
---------------------
  1. Legal Notice
  2. Timing Analyzer Summary
  3. Timing Analyzer Settings
  4. Clock Settings Summary
  5. Clock Setup: 'clk'
  6. tco
  7. Timing Analyzer Messages



----------------
; Legal Notice ;
----------------
Copyright (C) 1991-2008 Altera Corporation
Your use of Altera Corporation's design tools, logic functions 
and other software and tools, and its AMPP partner logic 
functions, and any output files from any of the foregoing 
(including device programming or simulation files), and any 
associated documentation or information are expressly subject 
to the terms and conditions of the Altera Program License 
Subscription Agreement, Altera MegaCore Function License 
Agreement, or other applicable license agreement, including, 
without limitation, that your use is for the sole purpose of 
programming logic devices manufactured by Altera and sold by 
Altera or its authorized distributors.  Please refer to the 
applicable agreement for further details.



+-------------------------------------------------------------------------------------------------------------------------------------------------------+
; Timing Analyzer Summary                                                                                                                               ;
+------------------------------+-------+---------------+----------------------------------+------------+---------+------------+----------+--------------+
; Type                         ; Slack ; Required Time ; Actual Time                      ; From       ; To      ; From Clock ; To Clock ; Failed Paths ;
+------------------------------+-------+---------------+----------------------------------+------------+---------+------------+----------+--------------+
; Worst-case tco               ; N/A   ; None          ; 14.709 ns                        ; marquee[7] ; Q[7]    ; clk        ; --       ; 0            ;
; Clock Setup: 'clk'           ; N/A   ; None          ; 101.34 MHz ( period = 9.868 ns ) ; cnt[7]     ; cnt[12] ; clk        ; clk      ; 0            ;
; Total number of failed paths ;       ;               ;                                  ;            ;         ;            ;          ; 0            ;
+------------------------------+-------+---------------+----------------------------------+------------+---------+------------+----------+--------------+


+--------------------------------------------------------------------------------------------------------------------+
; Timing Analyzer Settings                                                                                           ;
+---------------------------------------------------------------------+--------------------+------+----+-------------+
; Option                                                              ; Setting            ; From ; To ; Entity Name ;
+---------------------------------------------------------------------+--------------------+------+----+-------------+
; Device Name                                                         ; EPM570T144C5       ;      ;    ;             ;
; Timing Models                                                       ; Final              ;      ;    ;             ;
; Default hold multicycle                                             ; Same as Multicycle ;      ;    ;             ;
; Cut paths between unrelated clock domains                           ; On                 ;      ;    ;             ;
; Cut off read during write signal paths                              ; On                 ;      ;    ;             ;
; Cut off feedback from I/O pins                                      ; On                 ;      ;    ;             ;
; Report Combined Fast/Slow Timing                                    ; Off                ;      ;    ;             ;
; Ignore Clock Settings                                               ; Off                ;      ;    ;             ;
; Analyze latches as synchronous elements                             ; On                 ;      ;    ;             ;
; Enable Recovery/Removal analysis                                    ; Off                ;      ;    ;             ;
; Enable Clock Latency                                                ; Off                ;      ;    ;             ;
; Use TimeQuest Timing Analyzer                                       ; Off                ;      ;    ;             ;
; Minimum Core Junction Temperature                                   ; 0                  ;      ;    ;             ;
; Maximum Core Junction Temperature                                   ; 85                 ;      ;    ;             ;
; Number of source nodes to report per destination node               ; 10                 ;      ;    ;             ;
; Number of destination nodes to report                               ; 10                 ;      ;    ;             ;
; Number of paths to report                                           ; 200                ;      ;    ;             ;
; Report Minimum Timing Checks                                        ; Off                ;      ;    ;             ;
; Use Fast Timing Models                                              ; Off                ;      ;    ;             ;
; Report IO Paths Separately                                          ; Off                ;      ;    ;             ;
; Perform Multicorner Analysis                                        ; Off                ;      ;    ;             ;
; Reports the worst-case path for each clock domain and analysis      ; Off                ;      ;    ;             ;
; Removes common clock path pessimism (CCPP) during slack computation ; Off                ;      ;    ;             ;
; Output I/O Timing Endpoint                                          ; Near End           ;      ;    ;             ;
+---------------------------------------------------------------------+--------------------+------+----+-------------+


+------------------------------------------------------------------------------------------------------------------------------------------------------------------------------------+
; Clock Settings Summary                                                                                                                                                             ;
+-----------------+--------------------+----------+------------------+---------------+--------------+----------+-----------------------+---------------------+--------+--------------+
; Clock Node Name ; Clock Setting Name ; Type     ; Fmax Requirement ; Early Latency ; Late Latency ; Based on ; Multiply Base Fmax by ; Divide Base Fmax by ; Offset ; Phase offset ;
+-----------------+--------------------+----------+------------------+---------------+--------------+----------+-----------------------+---------------------+--------+--------------+
; clk             ;                    ; User Pin ; None             ; 0.000 ns      ; 0.000 ns     ; --       ; N/A                   ; N/A                 ; N/A    ;              ;
+-----------------+--------------------+----------+------------------+---------------+--------------+----------+-----------------------+---------------------+--------+--------------+


+--------------------------------------------------------------------------------------------------------------------------------------------------------------------------------------------------------------------------------------+
; Clock Setup: 'clk'                                                                                                                                                                                                                   ;
+-----------------------------------------+-----------------------------------------------------+------------+-------------+------------+----------+-----------------------------+---------------------------+-------------------------+
; Slack                                   ; Actual fmax (period)                                ; From       ; To          ; From Clock ; To Clock ; Required Setup Relationship ; Required Longest P2P Time ; Actual Longest P2P Time ;
+-----------------------------------------+-----------------------------------------------------+------------+-------------+------------+----------+-----------------------------+---------------------------+-------------------------+
; N/A                                     ; 101.34 MHz ( period = 9.868 ns )                    ; cnt[7]     ; cnt[12]     ; clk        ; clk      ; None                        ; None                      ; 9.159 ns                ;
; N/A                                     ; 102.82 MHz ( period = 9.726 ns )                    ; cnt[7]     ; cnt[18]     ; clk        ; clk      ; None                        ; None                      ; 9.017 ns                ;
; N/A                                     ; 103.16 MHz ( period = 9.694 ns )                    ; cnt[7]     ; cnt[8]      ; clk        ; clk      ; None                        ; None                      ; 8.985 ns                ;
; N/A                                     ; 103.56 MHz ( period = 9.656 ns )                    ; cnt[7]     ; cnt[24]     ; clk        ; clk      ; None                        ; None                      ; 8.947 ns                ;
; N/A                                     ; 106.69 MHz ( period = 9.373 ns )                    ; cnt[7]     ; cnt[17]     ; clk        ; clk      ; None                        ; None                      ; 8.664 ns                ;
; N/A                                     ; 107.40 MHz ( period = 9.311 ns )                    ; cnt[7]     ; cnt[10]     ; clk        ; clk      ; None                        ; None                      ; 8.602 ns                ;
; N/A                                     ; 107.42 MHz ( period = 9.309 ns )                    ; cnt[8]     ; cnt[19]     ; clk        ; clk      ; None                        ; None                      ; 8.600 ns                ;
; N/A                                     ; 107.45 MHz ( period = 9.307 ns )                    ; cnt[8]     ; cnt[21]     ; clk        ; clk      ; None                        ; None                      ; 8.598 ns                ;
; N/A                                     ; 107.46 MHz ( period = 9.306 ns )                    ; cnt[8]     ; cnt[23]     ; clk        ; clk      ; None                        ; None                      ; 8.597 ns                ;
; N/A                                     ; 107.57 MHz ( period = 9.296 ns )                    ; cnt[8]     ; clk1        ; clk        ; clk      ; None                        ; None                      ; 8.587 ns                ;
; N/A                                     ; 108.03 MHz ( period = 9.257 ns )                    ; cnt[2]     ; cnt[12]     ; clk        ; clk      ; None                        ; None                      ; 8.548 ns                ;
; N/A                                     ; 108.42 MHz ( period = 9.223 ns )                    ; cnt[7]     ; cnt[19]     ; clk        ; clk      ; None                        ; None                      ; 8.514 ns                ;
; N/A                                     ; 108.45 MHz ( period = 9.221 ns )                    ; cnt[7]     ; cnt[21]     ; clk        ; clk      ; None                        ; None                      ; 8.512 ns                ;
; N/A                                     ; 108.46 MHz ( period = 9.220 ns )                    ; cnt[7]     ; cnt[23]     ; clk        ; clk      ; None                        ; None                      ; 8.511 ns                ;
; N/A                                     ; 108.58 MHz ( period = 9.210 ns )                    ; cnt[7]     ; clk1        ; clk        ; clk      ; None                        ; None                      ; 8.501 ns                ;
; N/A                                     ; 108.72 MHz ( period = 9.198 ns )                    ; cnt[23]    ; cnt[15]     ; clk        ; clk      ; None                        ; None                      ; 8.489 ns                ;
; N/A                                     ; 108.83 MHz ( period = 9.189 ns )                    ; cnt[7]     ; cnt[11]     ; clk        ; clk      ; None                        ; None                      ; 8.480 ns                ;
; N/A                                     ; 108.91 MHz ( period = 9.182 ns )                    ; cnt[8]     ; cnt[18]     ; clk        ; clk      ; None                        ; None                      ; 8.473 ns                ;
; N/A                                     ; 109.13 MHz ( period = 9.163 ns )                    ; cnt[7]     ; cnt[22]     ; clk        ; clk      ; None                        ; None                      ; 8.454 ns                ;
; N/A                                     ; 109.29 MHz ( period = 9.150 ns )                    ; cnt[15]    ; cnt[18]     ; clk        ; clk      ; None                        ; None                      ; 8.441 ns                ;
; N/A                                     ; 109.31 MHz ( period = 9.148 ns )                    ; cnt[7]     ; cnt[9]      ; clk        ; clk      ; None                        ; None                      ; 8.439 ns                ;
; N/A                                     ; 109.33 MHz ( period = 9.147 ns )                    ; cnt[7]     ; cnt[26]     ; clk        ; clk      ; None                        ; None                      ; 8.438 ns                ;
; N/A                                     ; 109.43 MHz ( period = 9.138 ns )                    ; cnt[17]    ; cnt[15]     ; clk        ; clk      ; None                        ; None                      ; 8.429 ns                ;
; N/A                                     ; 109.71 MHz ( period = 9.115 ns )                    ; cnt[2]     ; cnt[18]     ; clk        ; clk      ; None                        ; None                      ; 8.406 ns                ;
; N/A                                     ; 109.75 MHz ( period = 9.112 ns )                    ; cnt[8]     ; cnt[24]     ; clk        ; clk      ; None                        ; None                      ; 8.403 ns                ;
; N/A                                     ; 110.10 MHz ( period = 9.083 ns )                    ; cnt[2]     ; cnt[8]      ; clk        ; clk      ; None                        ; None                      ; 8.374 ns                ;
; N/A                                     ; 110.13 MHz ( period = 9.080 ns )                    ; cnt[15]    ; cnt[24]     ; clk        ; clk      ; None                        ; None                      ; 8.371 ns                ;
; N/A                                     ; 110.56 MHz ( period = 9.045 ns )                    ; cnt[2]     ; cnt[24]     ; clk        ; clk      ; None                        ; None                      ; 8.336 ns                ;
; N/A                                     ; 110.58 MHz ( period = 9.043 ns )                    ; cnt[24]    ; cnt[15]     ; clk        ; clk      ; None                        ; None                      ; 8.334 ns                ;
; N/A                                     ; 110.71 MHz ( period = 9.033 ns )                    ; cnt[23]    ; cnt[17]     ; clk        ; clk      ; None                        ; None                      ; 8.324 ns                ;
; N/A                                     ; 110.71 MHz ( period = 9.033 ns )                    ; cnt[23]    ; cnt[12]     ; clk        ; clk      ; None                        ; None                      ; 8.324 ns                ;
; N/A                                     ; 110.72 MHz ( period = 9.032 ns )                    ; cnt[23]    ; cnt[5]      ; clk        ; clk      ; None                        ; None                      ; 8.323 ns                ;
; N/A                                     ; 110.84 MHz ( period = 9.022 ns )                    ; cnt[15]    ; cnt[15]     ; clk        ; clk      ; None                        ; None                      ; 8.313 ns                ;
; N/A                                     ; 111.45 MHz ( period = 8.973 ns )                    ; cnt[17]    ; cnt[17]     ; clk        ; clk      ; None                        ; None                      ; 8.264 ns                ;
; N/A                                     ; 111.45 MHz ( period = 8.973 ns )                    ; cnt[17]    ; cnt[12]     ; clk        ; clk      ; None                        ; None                      ; 8.264 ns                ;
; N/A                                     ; 111.46 MHz ( period = 8.972 ns )                    ; cnt[17]    ; cnt[5]      ; clk        ; clk      ; None                        ; None                      ; 8.263 ns                ;
; N/A                                     ; 111.51 MHz ( period = 8.968 ns )                    ; cnt[7]     ; cnt[13]     ; clk        ; clk      ; None                        ; None                      ; 8.259 ns                ;
; N/A                                     ; 111.78 MHz ( period = 8.946 ns )                    ; cnt[12]    ; cnt[15]     ; clk        ; clk      ; None                        ; None                      ; 8.237 ns                ;
; N/A                                     ; 112.49 MHz ( period = 8.890 ns )                    ; cnt[8]     ; cnt[12]     ; clk        ; clk      ; None                        ; None                      ; 8.181 ns                ;
; N/A                                     ; 112.61 MHz ( period = 8.880 ns )                    ; cnt[5]     ; cnt[12]     ; clk        ; clk      ; None                        ; None                      ; 8.171 ns                ;
; N/A                                     ; 112.64 MHz ( period = 8.878 ns )                    ; cnt[24]    ; cnt[17]     ; clk        ; clk      ; None                        ; None                      ; 8.169 ns                ;
; N/A                                     ; 112.64 MHz ( period = 8.878 ns )                    ; cnt[24]    ; cnt[12]     ; clk        ; clk      ; None                        ; None                      ; 8.169 ns                ;
; N/A                                     ; 112.65 MHz ( period = 8.877 ns )                    ; cnt[11]    ; cnt[15]     ; clk        ; clk      ; None                        ; None                      ; 8.168 ns                ;
; N/A                                     ; 112.65 MHz ( period = 8.877 ns )                    ; cnt[24]    ; cnt[5]      ; clk        ; clk      ; None                        ; None                      ; 8.168 ns                ;
; N/A                                     ; 112.91 MHz ( period = 8.857 ns )                    ; cnt[15]    ; cnt[17]     ; clk        ; clk      ; None                        ; None                      ; 8.148 ns                ;
; N/A                                     ; 112.91 MHz ( period = 8.857 ns )                    ; cnt[15]    ; cnt[12]     ; clk        ; clk      ; None                        ; None                      ; 8.148 ns                ;
; N/A                                     ; 112.92 MHz ( period = 8.856 ns )                    ; cnt[15]    ; cnt[5]      ; clk        ; clk      ; None                        ; None                      ; 8.147 ns                ;
; N/A                                     ; 112.97 MHz ( period = 8.852 ns )                    ; cnt[23]    ; cnt[13]     ; clk        ; clk      ; None                        ; None                      ; 8.143 ns                ;
; N/A                                     ; 112.99 MHz ( period = 8.850 ns )                    ; cnt[23]    ; cnt[10]     ; clk        ; clk      ; None                        ; None                      ; 8.141 ns                ;
; N/A                                     ; 113.02 MHz ( period = 8.848 ns )                    ; cnt[23]    ; cnt[18]     ; clk        ; clk      ; None                        ; None                      ; 8.139 ns                ;
; N/A                                     ; 113.03 MHz ( period = 8.847 ns )                    ; cnt[23]    ; cnt[11]     ; clk        ; clk      ; None                        ; None                      ; 8.138 ns                ;
; N/A                                     ; 113.26 MHz ( period = 8.829 ns )                    ; cnt[8]     ; cnt[17]     ; clk        ; clk      ; None                        ; None                      ; 8.120 ns                ;
; N/A                                     ; 113.42 MHz ( period = 8.817 ns )                    ; cnt[7]     ; cnt[20]     ; clk        ; clk      ; None                        ; None                      ; 8.108 ns                ;
; N/A                                     ; 113.56 MHz ( period = 8.806 ns )                    ; cnt[13]    ; cnt[15]     ; clk        ; clk      ; None                        ; None                      ; 8.097 ns                ;
; N/A                                     ; 113.74 MHz ( period = 8.792 ns )                    ; cnt[17]    ; cnt[13]     ; clk        ; clk      ; None                        ; None                      ; 8.083 ns                ;
; N/A                                     ; 113.77 MHz ( period = 8.790 ns )                    ; cnt[17]    ; cnt[10]     ; clk        ; clk      ; None                        ; None                      ; 8.081 ns                ;
; N/A                                     ; 113.78 MHz ( period = 8.789 ns )                    ; cnt[7]     ; cnt[15]     ; clk        ; clk      ; None                        ; None                      ; 8.080 ns                ;
; N/A                                     ; 113.79 MHz ( period = 8.788 ns )                    ; cnt[17]    ; cnt[18]     ; clk        ; clk      ; None                        ; None                      ; 8.079 ns                ;
; N/A                                     ; 113.80 MHz ( period = 8.787 ns )                    ; cnt[17]    ; cnt[11]     ; clk        ; clk      ; None                        ; None                      ; 8.078 ns                ;
; N/A                                     ; 113.88 MHz ( period = 8.781 ns )                    ; cnt[12]    ; cnt[17]     ; clk        ; clk      ; None                        ; None                      ; 8.072 ns                ;
; N/A                                     ; 113.88 MHz ( period = 8.781 ns )                    ; cnt[12]    ; cnt[12]     ; clk        ; clk      ; None                        ; None                      ; 8.072 ns                ;
; N/A                                     ; 113.90 MHz ( period = 8.780 ns )                    ; cnt[12]    ; cnt[5]      ; clk        ; clk      ; None                        ; None                      ; 8.071 ns                ;
; N/A                                     ; 114.13 MHz ( period = 8.762 ns )                    ; cnt[2]     ; cnt[17]     ; clk        ; clk      ; None                        ; None                      ; 8.053 ns                ;
; N/A                                     ; 114.21 MHz ( period = 8.756 ns )                    ; cnt[23]    ; cnt[0]      ; clk        ; clk      ; None                        ; None                      ; 8.047 ns                ;
; N/A                                     ; 114.44 MHz ( period = 8.738 ns )                    ; cnt[5]     ; cnt[18]     ; clk        ; clk      ; None                        ; None                      ; 8.029 ns                ;
; N/A                                     ; 114.59 MHz ( period = 8.727 ns )                    ; cnt[4]     ; cnt[15]     ; clk        ; clk      ; None                        ; None                      ; 8.018 ns                ;
; N/A                                     ; 114.61 MHz ( period = 8.725 ns )                    ; cnt[7]     ; cnt[25]     ; clk        ; clk      ; None                        ; None                      ; 8.016 ns                ;
; N/A                                     ; 114.65 MHz ( period = 8.722 ns )                    ; cnt[4]     ; cnt[11]     ; clk        ; clk      ; None                        ; None                      ; 8.013 ns                ;
; N/A                                     ; 114.67 MHz ( period = 8.721 ns )                    ; cnt[4]     ; cnt[10]     ; clk        ; clk      ; None                        ; None                      ; 8.012 ns                ;
; N/A                                     ; 114.78 MHz ( period = 8.712 ns )                    ; cnt[11]    ; cnt[17]     ; clk        ; clk      ; None                        ; None                      ; 8.003 ns                ;
; N/A                                     ; 114.78 MHz ( period = 8.712 ns )                    ; cnt[11]    ; cnt[12]     ; clk        ; clk      ; None                        ; None                      ; 8.003 ns                ;
; N/A                                     ; 114.80 MHz ( period = 8.711 ns )                    ; cnt[11]    ; cnt[5]      ; clk        ; clk      ; None                        ; None                      ; 8.002 ns                ;
; N/A                                     ; 114.81 MHz ( period = 8.710 ns )                    ; cnt[6]     ; cnt[12]     ; clk        ; clk      ; None                        ; None                      ; 8.001 ns                ;
; N/A                                     ; 114.86 MHz ( period = 8.706 ns )                    ; cnt[5]     ; cnt[8]      ; clk        ; clk      ; None                        ; None                      ; 7.997 ns                ;
; N/A                                     ; 114.94 MHz ( period = 8.700 ns )                    ; cnt[2]     ; cnt[10]     ; clk        ; clk      ; None                        ; None                      ; 7.991 ns                ;
; N/A                                     ; 114.98 MHz ( period = 8.697 ns )                    ; cnt[24]    ; cnt[13]     ; clk        ; clk      ; None                        ; None                      ; 7.988 ns                ;
; N/A                                     ; 115.00 MHz ( period = 8.696 ns )                    ; cnt[17]    ; cnt[0]      ; clk        ; clk      ; None                        ; None                      ; 7.987 ns                ;
; N/A                                     ; 115.01 MHz ( period = 8.695 ns )                    ; cnt[24]    ; cnt[10]     ; clk        ; clk      ; None                        ; None                      ; 7.986 ns                ;
; N/A                                     ; 115.04 MHz ( period = 8.693 ns )                    ; cnt[24]    ; cnt[18]     ; clk        ; clk      ; None                        ; None                      ; 7.984 ns                ;
; N/A                                     ; 115.05 MHz ( period = 8.692 ns )                    ; cnt[24]    ; cnt[11]     ; clk        ; clk      ; None                        ; None                      ; 7.983 ns                ;
; N/A                                     ; 115.26 MHz ( period = 8.676 ns )                    ; cnt[15]    ; cnt[13]     ; clk        ; clk      ; None                        ; None                      ; 7.967 ns                ;
; N/A                                     ; 115.29 MHz ( period = 8.674 ns )                    ; cnt[15]    ; cnt[10]     ; clk        ; clk      ; None                        ; None                      ; 7.965 ns                ;
; N/A                                     ; 115.33 MHz ( period = 8.671 ns )                    ; cnt[15]    ; cnt[11]     ; clk        ; clk      ; None                        ; None                      ; 7.962 ns                ;
; N/A                                     ; 115.37 MHz ( period = 8.668 ns )                    ; cnt[5]     ; cnt[24]     ; clk        ; clk      ; None                        ; None                      ; 7.959 ns                ;
; N/A                                     ; 115.73 MHz ( period = 8.641 ns )                    ; cnt[13]    ; cnt[17]     ; clk        ; clk      ; None                        ; None                      ; 7.932 ns                ;
; N/A                                     ; 115.73 MHz ( period = 8.641 ns )                    ; cnt[13]    ; cnt[12]     ; clk        ; clk      ; None                        ; None                      ; 7.932 ns                ;
; N/A                                     ; 115.74 MHz ( period = 8.640 ns )                    ; cnt[13]    ; cnt[5]      ; clk        ; clk      ; None                        ; None                      ; 7.931 ns                ;
; N/A                                     ; 115.93 MHz ( period = 8.626 ns )                    ; cnt[4]     ; cnt[17]     ; clk        ; clk      ; None                        ; None                      ; 7.917 ns                ;
; N/A                                     ; 115.94 MHz ( period = 8.625 ns )                    ; cnt[4]     ; cnt[5]      ; clk        ; clk      ; None                        ; None                      ; 7.916 ns                ;
; N/A                                     ; 116.02 MHz ( period = 8.619 ns )                    ; cnt[8]     ; cnt[22]     ; clk        ; clk      ; None                        ; None                      ; 7.910 ns                ;
; N/A                                     ; 116.06 MHz ( period = 8.616 ns )                    ; cnt[4]     ; cnt[13]     ; clk        ; clk      ; None                        ; None                      ; 7.907 ns                ;
; N/A                                     ; 116.24 MHz ( period = 8.603 ns )                    ; cnt[8]     ; cnt[26]     ; clk        ; clk      ; None                        ; None                      ; 7.894 ns                ;
; N/A                                     ; 116.27 MHz ( period = 8.601 ns )                    ; cnt[24]    ; cnt[0]      ; clk        ; clk      ; None                        ; None                      ; 7.892 ns                ;
; N/A                                     ; 116.28 MHz ( period = 8.600 ns )                    ; cnt[12]    ; cnt[13]     ; clk        ; clk      ; None                        ; None                      ; 7.891 ns                ;
; N/A                                     ; 116.31 MHz ( period = 8.598 ns )                    ; cnt[12]    ; cnt[10]     ; clk        ; clk      ; None                        ; None                      ; 7.889 ns                ;
; N/A                                     ; 116.33 MHz ( period = 8.596 ns )                    ; cnt[12]    ; cnt[18]     ; clk        ; clk      ; None                        ; None                      ; 7.887 ns                ;
; N/A                                     ; 116.35 MHz ( period = 8.595 ns )                    ; cnt[12]    ; cnt[11]     ; clk        ; clk      ; None                        ; None                      ; 7.886 ns                ;
; N/A                                     ; 116.44 MHz ( period = 8.588 ns )                    ; cnt[4]     ; cnt[20]     ; clk        ; clk      ; None                        ; None                      ; 7.879 ns                ;
; N/A                                     ; 116.46 MHz ( period = 8.587 ns )                    ; cnt[15]    ; cnt[22]     ; clk        ; clk      ; None                        ; None                      ; 7.878 ns                ;
; N/A                                     ; 116.55 MHz ( period = 8.580 ns )                    ; cnt[15]    ; cnt[0]      ; clk        ; clk      ; None                        ; None                      ; 7.871 ns                ;
; N/A                                     ; 116.58 MHz ( period = 8.578 ns )                    ; cnt[2]     ; cnt[11]     ; clk        ; clk      ; None                        ; None                      ; 7.869 ns                ;
; N/A                                     ; 116.67 MHz ( period = 8.571 ns )                    ; cnt[15]    ; cnt[26]     ; clk        ; clk      ; None                        ; None                      ; 7.862 ns                ;
; N/A                                     ; 116.71 MHz ( period = 8.568 ns )                    ; cnt[6]     ; cnt[18]     ; clk        ; clk      ; None                        ; None                      ; 7.859 ns                ;
; N/A                                     ; 116.82 MHz ( period = 8.560 ns )                    ; cnt[18]    ; cnt[15]     ; clk        ; clk      ; None                        ; None                      ; 7.851 ns                ;
; N/A                                     ; 116.93 MHz ( period = 8.552 ns )                    ; cnt[2]     ; cnt[22]     ; clk        ; clk      ; None                        ; None                      ; 7.843 ns                ;
; N/A                                     ; 117.07 MHz ( period = 8.542 ns )                    ; cnt[7]     ; cnt[16]     ; clk        ; clk      ; None                        ; None                      ; 7.833 ns                ;
; N/A                                     ; 117.14 MHz ( period = 8.537 ns )                    ; cnt[2]     ; cnt[9]      ; clk        ; clk      ; None                        ; None                      ; 7.828 ns                ;
; N/A                                     ; 117.15 MHz ( period = 8.536 ns )                    ; cnt[6]     ; cnt[8]      ; clk        ; clk      ; None                        ; None                      ; 7.827 ns                ;
; N/A                                     ; 117.15 MHz ( period = 8.536 ns )                    ; cnt[2]     ; cnt[26]     ; clk        ; clk      ; None                        ; None                      ; 7.827 ns                ;
; N/A                                     ; 117.22 MHz ( period = 8.531 ns )                    ; cnt[11]    ; cnt[13]     ; clk        ; clk      ; None                        ; None                      ; 7.822 ns                ;
; N/A                                     ; 117.25 MHz ( period = 8.529 ns )                    ; cnt[11]    ; cnt[10]     ; clk        ; clk      ; None                        ; None                      ; 7.820 ns                ;
; N/A                                     ; 117.27 MHz ( period = 8.527 ns )                    ; cnt[11]    ; cnt[18]     ; clk        ; clk      ; None                        ; None                      ; 7.818 ns                ;
; N/A                                     ; 117.29 MHz ( period = 8.526 ns )                    ; cnt[11]    ; cnt[11]     ; clk        ; clk      ; None                        ; None                      ; 7.817 ns                ;
; N/A                                     ; 117.59 MHz ( period = 8.504 ns )                    ; cnt[12]    ; cnt[0]      ; clk        ; clk      ; None                        ; None                      ; 7.795 ns                ;
; N/A                                     ; 117.67 MHz ( period = 8.498 ns )                    ; cnt[6]     ; cnt[24]     ; clk        ; clk      ; None                        ; None                      ; 7.789 ns                ;
; N/A                                     ; 117.83 MHz ( period = 8.487 ns )                    ; cnt[3]     ; cnt[15]     ; clk        ; clk      ; None                        ; None                      ; 7.778 ns                ;
; N/A                                     ; 117.90 MHz ( period = 8.482 ns )                    ; cnt[3]     ; cnt[11]     ; clk        ; clk      ; None                        ; None                      ; 7.773 ns                ;
; N/A                                     ; 117.91 MHz ( period = 8.481 ns )                    ; cnt[3]     ; cnt[10]     ; clk        ; clk      ; None                        ; None                      ; 7.772 ns                ;
; N/A                                     ; 118.20 MHz ( period = 8.460 ns )                    ; cnt[13]    ; cnt[13]     ; clk        ; clk      ; None                        ; None                      ; 7.751 ns                ;
; N/A                                     ; 118.23 MHz ( period = 8.458 ns )                    ; cnt[13]    ; cnt[10]     ; clk        ; clk      ; None                        ; None                      ; 7.749 ns                ;
; N/A                                     ; 118.26 MHz ( period = 8.456 ns )                    ; cnt[8]     ; cnt[20]     ; clk        ; clk      ; None                        ; None                      ; 7.747 ns                ;
; N/A                                     ; 118.26 MHz ( period = 8.456 ns )                    ; cnt[13]    ; cnt[18]     ; clk        ; clk      ; None                        ; None                      ; 7.747 ns                ;
; N/A                                     ; 118.27 MHz ( period = 8.455 ns )                    ; cnt[13]    ; cnt[11]     ; clk        ; clk      ; None                        ; None                      ; 7.746 ns                ;
; N/A                                     ; 118.55 MHz ( period = 8.435 ns )                    ; cnt[11]    ; cnt[0]      ; clk        ; clk      ; None                        ; None                      ; 7.726 ns                ;
; N/A                                     ; 118.61 MHz ( period = 8.431 ns )                    ; marquee[6] ; marquee[0]  ; clk        ; clk      ; None                        ; None                      ; 7.722 ns                ;
; N/A                                     ; 118.61 MHz ( period = 8.431 ns )                    ; cnt[15]    ; cnt[19]     ; clk        ; clk      ; None                        ; None                      ; 7.722 ns                ;
; N/A                                     ; 118.71 MHz ( period = 8.424 ns )                    ; cnt[8]     ; cnt[13]     ; clk        ; clk      ; None                        ; None                      ; 7.715 ns                ;
; N/A                                     ; 118.82 MHz ( period = 8.416 ns )                    ; cnt[3]     ; cnt[12]     ; clk        ; clk      ; None                        ; None                      ; 7.707 ns                ;
; N/A                                     ; 118.85 MHz ( period = 8.414 ns )                    ; cnt[7]     ; cnt[14]     ; clk        ; clk      ; None                        ; None                      ; 7.705 ns                ;
; N/A                                     ; 119.10 MHz ( period = 8.396 ns )                    ; cnt[2]     ; cnt[19]     ; clk        ; clk      ; None                        ; None                      ; 7.687 ns                ;
; N/A                                     ; 119.12 MHz ( period = 8.395 ns )                    ; cnt[18]    ; cnt[17]     ; clk        ; clk      ; None                        ; None                      ; 7.686 ns                ;
; N/A                                     ; 119.12 MHz ( period = 8.395 ns )                    ; cnt[18]    ; cnt[12]     ; clk        ; clk      ; None                        ; None                      ; 7.686 ns                ;
; N/A                                     ; 119.13 MHz ( period = 8.394 ns )                    ; cnt[18]    ; cnt[5]      ; clk        ; clk      ; None                        ; None                      ; 7.685 ns                ;
; N/A                                     ; 119.25 MHz ( period = 8.386 ns )                    ; cnt[3]     ; cnt[17]     ; clk        ; clk      ; None                        ; None                      ; 7.677 ns                ;
; N/A                                     ; 119.26 MHz ( period = 8.385 ns )                    ; cnt[5]     ; cnt[17]     ; clk        ; clk      ; None                        ; None                      ; 7.676 ns                ;
; N/A                                     ; 119.26 MHz ( period = 8.385 ns )                    ; cnt[3]     ; cnt[5]      ; clk        ; clk      ; None                        ; None                      ; 7.676 ns                ;
; N/A                                     ; 119.39 MHz ( period = 8.376 ns )                    ; cnt[3]     ; cnt[13]     ; clk        ; clk      ; None                        ; None                      ; 7.667 ns                ;
; N/A                                     ; 119.56 MHz ( period = 8.364 ns )                    ; cnt[13]    ; cnt[0]      ; clk        ; clk      ; None                        ; None                      ; 7.655 ns                ;
; N/A                                     ; 119.66 MHz ( period = 8.357 ns )                    ; cnt[2]     ; cnt[13]     ; clk        ; clk      ; None                        ; None                      ; 7.648 ns                ;
; N/A                                     ; 119.77 MHz ( period = 8.349 ns )                    ; marquee[6] ; marquee[12] ; clk        ; clk      ; None                        ; None                      ; 7.640 ns                ;
; N/A                                     ; 119.79 MHz ( period = 8.348 ns )                    ; cnt[3]     ; cnt[20]     ; clk        ; clk      ; None                        ; None                      ; 7.639 ns                ;
; N/A                                     ; 119.80 MHz ( period = 8.347 ns )                    ; cnt[25]    ; cnt[15]     ; clk        ; clk      ; None                        ; None                      ; 7.638 ns                ;
; N/A                                     ; 120.15 MHz ( period = 8.323 ns )                    ; cnt[5]     ; cnt[10]     ; clk        ; clk      ; None                        ; None                      ; 7.614 ns                ;
; N/A                                     ; 120.64 MHz ( period = 8.289 ns )                    ; cnt[2]     ; cnt[7]      ; clk        ; clk      ; None                        ; None                      ; 7.580 ns                ;
; N/A                                     ; 120.73 MHz ( period = 8.283 ns )                    ; cnt[11]    ; cnt[24]     ; clk        ; clk      ; None                        ; None                      ; 7.574 ns                ;
; N/A                                     ; 120.77 MHz ( period = 8.280 ns )                    ; cnt[4]     ; cnt[12]     ; clk        ; clk      ; None                        ; None                      ; 7.571 ns                ;
; N/A                                     ; 120.86 MHz ( period = 8.274 ns )                    ; cnt[3]     ; cnt[18]     ; clk        ; clk      ; None                        ; None                      ; 7.565 ns                ;
; N/A                                     ; 121.26 MHz ( period = 8.247 ns )                    ; cnt[9]     ; cnt[18]     ; clk        ; clk      ; None                        ; None                      ; 7.538 ns                ;
; N/A                                     ; 121.29 MHz ( period = 8.245 ns )                    ; cnt[8]     ; cnt[15]     ; clk        ; clk      ; None                        ; None                      ; 7.536 ns                ;
; N/A                                     ; 121.33 MHz ( period = 8.242 ns )                    ; cnt[3]     ; cnt[8]      ; clk        ; clk      ; None                        ; None                      ; 7.533 ns                ;
; N/A                                     ; 121.34 MHz ( period = 8.241 ns )                    ; cnt[15]    ; cnt[20]     ; clk        ; clk      ; None                        ; None                      ; 7.532 ns                ;
; N/A                                     ; 121.73 MHz ( period = 8.215 ns )                    ; cnt[6]     ; cnt[17]     ; clk        ; clk      ; None                        ; None                      ; 7.506 ns                ;
; N/A                                     ; 121.74 MHz ( period = 8.214 ns )                    ; cnt[18]    ; cnt[13]     ; clk        ; clk      ; None                        ; None                      ; 7.505 ns                ;
; N/A                                     ; 121.77 MHz ( period = 8.212 ns )                    ; cnt[18]    ; cnt[10]     ; clk        ; clk      ; None                        ; None                      ; 7.503 ns                ;
; N/A                                     ; 121.80 MHz ( period = 8.210 ns )                    ; cnt[18]    ; cnt[18]     ; clk        ; clk      ; None                        ; None                      ; 7.501 ns                ;
; N/A                                     ; 121.82 MHz ( period = 8.209 ns )                    ; cnt[18]    ; cnt[11]     ; clk        ; clk      ; None                        ; None                      ; 7.500 ns                ;
; N/A                                     ; 121.86 MHz ( period = 8.206 ns )                    ; cnt[2]     ; cnt[20]     ; clk        ; clk      ; None                        ; None                      ; 7.497 ns                ;
; N/A                                     ; 121.89 MHz ( period = 8.204 ns )                    ; cnt[3]     ; cnt[24]     ; clk        ; clk      ; None                        ; None                      ; 7.495 ns                ;
; N/A                                     ; 121.94 MHz ( period = 8.201 ns )                    ; cnt[5]     ; cnt[11]     ; clk        ; clk      ; None                        ; None                      ; 7.492 ns                ;
; N/A                                     ; 122.20 MHz ( period = 8.183 ns )                    ; cnt[13]    ; cnt[24]     ; clk        ; clk      ; None                        ; None                      ; 7.474 ns                ;
; N/A                                     ; 122.22 MHz ( period = 8.182 ns )                    ; cnt[25]    ; cnt[17]     ; clk        ; clk      ; None                        ; None                      ; 7.473 ns                ;
; N/A                                     ; 122.22 MHz ( period = 8.182 ns )                    ; cnt[25]    ; cnt[12]     ; clk        ; clk      ; None                        ; None                      ; 7.473 ns                ;
; N/A                                     ; 122.23 MHz ( period = 8.181 ns )                    ; cnt[8]     ; cnt[25]     ; clk        ; clk      ; None                        ; None                      ; 7.472 ns                ;
; N/A                                     ; 122.23 MHz ( period = 8.181 ns )                    ; cnt[25]    ; cnt[5]      ; clk        ; clk      ; None                        ; None                      ; 7.472 ns                ;
; N/A                                     ; 122.28 MHz ( period = 8.178 ns )                    ; cnt[2]     ; cnt[15]     ; clk        ; clk      ; None                        ; None                      ; 7.469 ns                ;
; N/A                                     ; 122.29 MHz ( period = 8.177 ns )                    ; cnt[9]     ; cnt[24]     ; clk        ; clk      ; None                        ; None                      ; 7.468 ns                ;
; N/A                                     ; 122.32 MHz ( period = 8.175 ns )                    ; cnt[5]     ; cnt[22]     ; clk        ; clk      ; None                        ; None                      ; 7.466 ns                ;
; N/A                                     ; 122.38 MHz ( period = 8.171 ns )                    ; cnt[15]    ; cnt[23]     ; clk        ; clk      ; None                        ; None                      ; 7.462 ns                ;
; N/A                                     ; 122.55 MHz ( period = 8.160 ns )                    ; cnt[5]     ; cnt[9]      ; clk        ; clk      ; None                        ; None                      ; 7.451 ns                ;
; N/A                                     ; 122.56 MHz ( period = 8.159 ns )                    ; cnt[5]     ; cnt[26]     ; clk        ; clk      ; None                        ; None                      ; 7.450 ns                ;
; N/A                                     ; 122.59 MHz ( period = 8.157 ns )                    ; cnt[15]    ; cnt[21]     ; clk        ; clk      ; None                        ; None                      ; 7.448 ns                ;
; N/A                                     ; 122.65 MHz ( period = 8.153 ns )                    ; cnt[6]     ; cnt[10]     ; clk        ; clk      ; None                        ; None                      ; 7.444 ns                ;
; N/A                                     ; 122.71 MHz ( period = 8.149 ns )                    ; cnt[15]    ; cnt[25]     ; clk        ; clk      ; None                        ; None                      ; 7.440 ns                ;
; N/A                                     ; 122.88 MHz ( period = 8.138 ns )                    ; cnt[4]     ; cnt[18]     ; clk        ; clk      ; None                        ; None                      ; 7.429 ns                ;
; N/A                                     ; 122.91 MHz ( period = 8.136 ns )                    ; cnt[2]     ; cnt[23]     ; clk        ; clk      ; None                        ; None                      ; 7.427 ns                ;
; N/A                                     ; 123.11 MHz ( period = 8.123 ns )                    ; cnt[5]     ; cnt[15]     ; clk        ; clk      ; None                        ; None                      ; 7.414 ns                ;
; N/A                                     ; 123.12 MHz ( period = 8.122 ns )                    ; cnt[2]     ; cnt[21]     ; clk        ; clk      ; None                        ; None                      ; 7.413 ns                ;
; N/A                                     ; 123.18 MHz ( period = 8.118 ns )                    ; cnt[18]    ; cnt[0]      ; clk        ; clk      ; None                        ; None                      ; 7.409 ns                ;
; N/A                                     ; 123.24 MHz ( period = 8.114 ns )                    ; cnt[2]     ; cnt[25]     ; clk        ; clk      ; None                        ; None                      ; 7.405 ns                ;
; N/A                                     ; 123.29 MHz ( period = 8.111 ns )                    ; cnt[10]    ; cnt[18]     ; clk        ; clk      ; None                        ; None                      ; 7.402 ns                ;
; N/A                                     ; 123.37 MHz ( period = 8.106 ns )                    ; cnt[4]     ; cnt[8]      ; clk        ; clk      ; None                        ; None                      ; 7.397 ns                ;
; N/A                                     ; 123.64 MHz ( period = 8.088 ns )                    ; cnt[8]     ; cnt[11]     ; clk        ; clk      ; None                        ; None                      ; 7.379 ns                ;
; N/A                                     ; 123.66 MHz ( period = 8.087 ns )                    ; cnt[8]     ; cnt[10]     ; clk        ; clk      ; None                        ; None                      ; 7.378 ns                ;
; N/A                                     ; 123.95 MHz ( period = 8.068 ns )                    ; cnt[4]     ; cnt[24]     ; clk        ; clk      ; None                        ; None                      ; 7.359 ns                ;
; N/A                                     ; 124.02 MHz ( period = 8.063 ns )                    ; cnt[4]     ; cnt[23]     ; clk        ; clk      ; None                        ; None                      ; 7.354 ns                ;
; N/A                                     ; 124.05 MHz ( period = 8.061 ns )                    ; cnt[4]     ; cnt[21]     ; clk        ; clk      ; None                        ; None                      ; 7.352 ns                ;
; N/A                                     ; 124.15 MHz ( period = 8.055 ns )                    ; cnt[4]     ; cnt[0]      ; clk        ; clk      ; None                        ; None                      ; 7.346 ns                ;
; N/A                                     ; 124.15 MHz ( period = 8.055 ns )                    ; cnt[4]     ; cnt[19]     ; clk        ; clk      ; None                        ; None                      ; 7.346 ns                ;
; N/A                                     ; 124.36 MHz ( period = 8.041 ns )                    ; cnt[10]    ; cnt[24]     ; clk        ; clk      ; None                        ; None                      ; 7.332 ns                ;
; N/A                                     ; 124.52 MHz ( period = 8.031 ns )                    ; cnt[6]     ; cnt[11]     ; clk        ; clk      ; None                        ; None                      ; 7.322 ns                ;
; N/A                                     ; 124.67 MHz ( period = 8.021 ns )                    ; cnt[5]     ; cnt[5]      ; clk        ; clk      ; None                        ; None                      ; 7.312 ns                ;
; N/A                                     ; 124.70 MHz ( period = 8.019 ns )                    ; cnt[5]     ; cnt[19]     ; clk        ; clk      ; None                        ; None                      ; 7.310 ns                ;
; N/A                                     ; 124.81 MHz ( period = 8.012 ns )                    ; cnt[5]     ; cnt[13]     ; clk        ; clk      ; None                        ; None                      ; 7.303 ns                ;
; N/A                                     ; 124.91 MHz ( period = 8.006 ns )                    ; cnt[0]     ; cnt[15]     ; clk        ; clk      ; None                        ; None                      ; 7.297 ns                ;
; N/A                                     ; 124.92 MHz ( period = 8.005 ns )                    ; cnt[6]     ; cnt[22]     ; clk        ; clk      ; None                        ; None                      ; 7.296 ns                ;
; N/A                                     ; 124.98 MHz ( period = 8.001 ns )                    ; cnt[25]    ; cnt[13]     ; clk        ; clk      ; None                        ; None                      ; 7.292 ns                ;
; N/A                                     ; 124.98 MHz ( period = 8.001 ns )                    ; cnt[0]     ; cnt[11]     ; clk        ; clk      ; None                        ; None                      ; 7.292 ns                ;
; N/A                                     ; 125.00 MHz ( period = 8.000 ns )                    ; cnt[0]     ; cnt[10]     ; clk        ; clk      ; None                        ; None                      ; 7.291 ns                ;
; N/A                                     ; 125.02 MHz ( period = 7.999 ns )                    ; cnt[25]    ; cnt[10]     ; clk        ; clk      ; None                        ; None                      ; 7.290 ns                ;
; N/A                                     ; 125.03 MHz ( period = 7.998 ns )                    ; cnt[8]     ; cnt[16]     ; clk        ; clk      ; None                        ; None                      ; 7.289 ns                ;
; Timing analysis restricted to 200 rows. ; To change the limit use Settings (Assignments menu) ;            ;             ;            ;          ;                             ;                           ;                         ;
+-----------------------------------------+-----------------------------------------------------+------------+-------------+------------+----------+-----------------------------+---------------------------+-------------------------+


+----------------------------------------------------------------------+
; tco                                                                  ;
+-------+--------------+------------+-------------+-------+------------+
; Slack ; Required tco ; Actual tco ; From        ; To    ; From Clock ;
+-------+--------------+------------+-------------+-------+------------+
; N/A   ; None         ; 14.709 ns  ; marquee[7]  ; Q[7]  ; clk        ;
; N/A   ; None         ; 14.542 ns  ; marquee[6]  ; Q[5]  ; clk        ;
; N/A   ; None         ; 14.489 ns  ; marquee[9]  ; Q[2]  ; clk        ;
; N/A   ; None         ; 14.468 ns  ; marquee[10] ; Q[1]  ; clk        ;
; N/A   ; None         ; 14.443 ns  ; marquee[10] ; Q[10] ; clk        ;
; N/A   ; None         ; 14.434 ns  ; marquee[0]  ; Q[0]  ; clk        ;
; N/A   ; None         ; 14.411 ns  ; marquee[9]  ; Q[9]  ; clk        ;
; N/A   ; None         ; 14.065 ns  ; marquee[6]  ; Q[6]  ; clk        ;
; N/A   ; None         ; 13.980 ns  ; marquee[7]  ; Q[4]  ; clk        ;
; N/A   ; None         ; 13.960 ns  ; marquee[8]  ; Q[3]  ; clk        ;
; N/A   ; None         ; 13.954 ns  ; marquee[0]  ; Q[11] ; clk        ;
; N/A   ; None         ; 12.767 ns  ; marquee[8]  ; Q[8]  ; clk        ;
+-------+--------------+------------+-------------+-------+------------+


+--------------------------+
; Timing Analyzer Messages ;
+--------------------------+
Info: *******************************************************************
Info: Running Quartus II Classic Timing Analyzer
    Info: Version 8.1 Build 163 10/28/2008 SJ Web Edition
    Info: Processing started: Thu Oct 14 11:34:52 2021
Info: Command: quartus_tan --read_settings_files=off --write_settings_files=off marquee -c marquee
Info: Started post-fitting delay annotation
Info: Delay annotation completed successfully
Warning: Found pins functioning as undefined clocks and/or memory enables
    Info: Assuming node "clk" is an undefined clock
Warning: Found 1 node(s) in clock paths which may be acting as ripple and/or gated clocks -- node(s) analyzed as buffer(s) resulting in clock skew
    Info: Detected ripple clock "clk1" as buffer
Info: Clock "clk" has Internal fmax of 101.34 MHz between source register "cnt[7]" and destination register "cnt[12]" (period= 9.868 ns)
    Info: + Longest register to register delay is 9.159 ns
        Info: 1: + IC(0.000 ns) + CELL(0.000 ns) = 0.000 ns; Loc. = LC_X11_Y4_N2; Fanout = 3; REG Node = 'cnt[7]'
        Info: 2: + IC(3.381 ns) + CELL(1.099 ns) = 4.480 ns; Loc. = LC_X5_Y5_N9; Fanout = 6; COMB Node = 'Add0~441'
        Info: 3: + IC(0.000 ns) + CELL(1.234 ns) = 5.714 ns; Loc. = LC_X6_Y5_N4; Fanout = 1; COMB Node = 'Add0~428'
        Info: 4: + IC(2.854 ns) + CELL(0.591 ns) = 9.159 ns; Loc. = LC_X6_Y4_N5; Fanout = 3; REG Node = 'cnt[12]'
        Info: Total cell delay = 2.924 ns ( 31.92 % )
        Info: Total interconnect delay = 6.235 ns ( 68.08 % )
    Info: - Smallest clock skew is 0.000 ns
        Info: + Shortest clock path from clock "clk" to destination register is 3.681 ns
            Info: 1: + IC(0.000 ns) + CELL(1.163 ns) = 1.163 ns; Loc. = PIN_18; Fanout = 28; CLK Node = 'clk'
            Info: 2: + IC(1.600 ns) + CELL(0.918 ns) = 3.681 ns; Loc. = LC_X6_Y4_N5; Fanout = 3; REG Node = 'cnt[12]'
            Info: Total cell delay = 2.081 ns ( 56.53 % )
            Info: Total interconnect delay = 1.600 ns ( 43.47 % )
        Info: - Longest clock path from clock "clk" to source register is 3.681 ns
            Info: 1: + IC(0.000 ns) + CELL(1.163 ns) = 1.163 ns; Loc. = PIN_18; Fanout = 28; CLK Node = 'clk'
            Info: 2: + IC(1.600 ns) + CELL(0.918 ns) = 3.681 ns; Loc. = LC_X11_Y4_N2; Fanout = 3; REG Node = 'cnt[7]'
            Info: Total cell delay = 2.081 ns ( 56.53 % )
            Info: Total interconnect delay = 1.600 ns ( 43.47 % )
    Info: + Micro clock to output delay of source is 0.376 ns
    Info: + Micro setup delay of destination is 0.333 ns
Info: tco from clock "clk" to destination pin "Q[7]" through register "marquee[7]" is 14.709 ns
    Info: + Longest clock path from clock "clk" to source register is 9.256 ns
        Info: 1: + IC(0.000 ns) + CELL(1.163 ns) = 1.163 ns; Loc. = PIN_18; Fanout = 28; CLK Node = 'clk'
        Info: 2: + IC(1.600 ns) + CELL(1.294 ns) = 4.057 ns; Loc. = LC_X8_Y5_N5; Fanout = 8; REG Node = 'clk1'
        Info: 3: + IC(4.281 ns) + CELL(0.918 ns) = 9.256 ns; Loc. = LC_X11_Y7_N7; Fanout = 6; REG Node = 'marquee[7]'
        Info: Total cell delay = 3.375 ns ( 36.46 % )
        Info: Total interconnect delay = 5.881 ns ( 63.54 % )
    Info: + Micro clock to output delay of source is 0.376 ns
    Info: + Longest register to pin delay is 5.077 ns
        Info: 1: + IC(0.000 ns) + CELL(0.000 ns) = 0.000 ns; Loc. = LC_X11_Y7_N7; Fanout = 6; REG Node = 'marquee[7]'
        Info: 2: + IC(2.755 ns) + CELL(2.322 ns) = 5.077 ns; Loc. = PIN_108; Fanout = 0; PIN Node = 'Q[7]'
        Info: Total cell delay = 2.322 ns ( 45.74 % )
        Info: Total interconnect delay = 2.755 ns ( 54.26 % )
Info: Quartus II Classic Timing Analyzer was successful. 0 errors, 2 warnings
    Info: Peak virtual memory: 210 megabytes
    Info: Processing ended: Thu Oct 14 11:34:52 2021
    Info: Elapsed time: 00:00:00
    Info: Total CPU time (on all processors): 00:00:00


