Classic Timing Analyzer report for marquee
Thu Oct 21 10:34:49 2021
Quartus II Version 8.1 Build 163 10/28/2008 SJ Web Edition


---------------------
; Table of Contents ;
---------------------
  1. Legal Notice
  2. Timing Analyzer Summary
  3. Timing Analyzer Settings
  4. Clock Settings Summary
  5. Clock Setup: 'clk'
  6. tco
  7. Timing Analyzer Messages



----------------
; Legal Notice ;
----------------
Copyright (C) 1991-2008 Altera Corporation
Your use of Altera Corporation's design tools, logic functions 
and other software and tools, and its AMPP partner logic 
functions, and any output files from any of the foregoing 
(including device programming or simulation files), and any 
associated documentation or information are expressly subject 
to the terms and conditions of the Altera Program License 
Subscription Agreement, Altera MegaCore Function License 
Agreement, or other applicable license agreement, including, 
without limitation, that your use is for the sole purpose of 
programming logic devices manufactured by Altera and sold by 
Altera or its authorized distributors.  Please refer to the 
applicable agreement for further details.



+-------------------------------------------------------------------------------------------------------------------------------------------------------+
; Timing Analyzer Summary                                                                                                                               ;
+------------------------------+-------+---------------+----------------------------------+------------+---------+------------+----------+--------------+
; Type                         ; Slack ; Required Time ; Actual Time                      ; From       ; To      ; From Clock ; To Clock ; Failed Paths ;
+------------------------------+-------+---------------+----------------------------------+------------+---------+------------+----------+--------------+
; Worst-case tco               ; N/A   ; None          ; 13.578 ns                        ; marquee[0] ; Q[0]    ; clk        ; --       ; 0            ;
; Clock Setup: 'clk'           ; N/A   ; None          ; 103.43 MHz ( period = 9.668 ns ) ; cnt[3]     ; cnt[21] ; clk        ; clk      ; 0            ;
; Total number of failed paths ;       ;               ;                                  ;            ;         ;            ;          ; 0            ;
+------------------------------+-------+---------------+----------------------------------+------------+---------+------------+----------+--------------+


+--------------------------------------------------------------------------------------------------------------------+
; Timing Analyzer Settings                                                                                           ;
+---------------------------------------------------------------------+--------------------+------+----+-------------+
; Option                                                              ; Setting            ; From ; To ; Entity Name ;
+---------------------------------------------------------------------+--------------------+------+----+-------------+
; Device Name                                                         ; EPM570T144C5       ;      ;    ;             ;
; Timing Models                                                       ; Final              ;      ;    ;             ;
; Default hold multicycle                                             ; Same as Multicycle ;      ;    ;             ;
; Cut paths between unrelated clock domains                           ; On                 ;      ;    ;             ;
; Cut off read during write signal paths                              ; On                 ;      ;    ;             ;
; Cut off feedback from I/O pins                                      ; On                 ;      ;    ;             ;
; Report Combined Fast/Slow Timing                                    ; Off                ;      ;    ;             ;
; Ignore Clock Settings                                               ; Off                ;      ;    ;             ;
; Analyze latches as synchronous elements                             ; On                 ;      ;    ;             ;
; Enable Recovery/Removal analysis                                    ; Off                ;      ;    ;             ;
; Enable Clock Latency                                                ; Off                ;      ;    ;             ;
; Use TimeQuest Timing Analyzer                                       ; Off                ;      ;    ;             ;
; Minimum Core Junction Temperature                                   ; 0                  ;      ;    ;             ;
; Maximum Core Junction Temperature                                   ; 85                 ;      ;    ;             ;
; Number of source nodes to report per destination node               ; 10                 ;      ;    ;             ;
; Number of destination nodes to report                               ; 10                 ;      ;    ;             ;
; Number of paths to report                                           ; 200                ;      ;    ;             ;
; Report Minimum Timing Checks                                        ; Off                ;      ;    ;             ;
; Use Fast Timing Models                                              ; Off                ;      ;    ;             ;
; Report IO Paths Separately                                          ; Off                ;      ;    ;             ;
; Perform Multicorner Analysis                                        ; Off                ;      ;    ;             ;
; Reports the worst-case path for each clock domain and analysis      ; Off                ;      ;    ;             ;
; Removes common clock path pessimism (CCPP) during slack computation ; Off                ;      ;    ;             ;
; Output I/O Timing Endpoint                                          ; Near End           ;      ;    ;             ;
+---------------------------------------------------------------------+--------------------+------+----+-------------+


+------------------------------------------------------------------------------------------------------------------------------------------------------------------------------------+
; Clock Settings Summary                                                                                                                                                             ;
+-----------------+--------------------+----------+------------------+---------------+--------------+----------+-----------------------+---------------------+--------+--------------+
; Clock Node Name ; Clock Setting Name ; Type     ; Fmax Requirement ; Early Latency ; Late Latency ; Based on ; Multiply Base Fmax by ; Divide Base Fmax by ; Offset ; Phase offset ;
+-----------------+--------------------+----------+------------------+---------------+--------------+----------+-----------------------+---------------------+--------+--------------+
; clk             ;                    ; User Pin ; None             ; 0.000 ns      ; 0.000 ns     ; --       ; N/A                   ; N/A                 ; N/A    ;              ;
+-----------------+--------------------+----------+------------------+---------------+--------------+----------+-----------------------+---------------------+--------+--------------+


+-------------------------------------------------------------------------------------------------------------------------------------------------------------------------------------------------------------------------------+
; Clock Setup: 'clk'                                                                                                                                                                                                            ;
+-----------------------------------------+-----------------------------------------------------+---------+---------+------------+----------+-----------------------------+---------------------------+-------------------------+
; Slack                                   ; Actual fmax (period)                                ; From    ; To      ; From Clock ; To Clock ; Required Setup Relationship ; Required Longest P2P Time ; Actual Longest P2P Time ;
+-----------------------------------------+-----------------------------------------------------+---------+---------+------------+----------+-----------------------------+---------------------------+-------------------------+
; N/A                                     ; 103.43 MHz ( period = 9.668 ns )                    ; cnt[3]  ; cnt[21] ; clk        ; clk      ; None                        ; None                      ; 8.959 ns                ;
; N/A                                     ; 104.44 MHz ( period = 9.575 ns )                    ; cnt[25] ; cnt[0]  ; clk        ; clk      ; None                        ; None                      ; 8.866 ns                ;
; N/A                                     ; 104.69 MHz ( period = 9.552 ns )                    ; cnt[2]  ; cnt[21] ; clk        ; clk      ; None                        ; None                      ; 8.843 ns                ;
; N/A                                     ; 105.29 MHz ( period = 9.498 ns )                    ; cnt[4]  ; cnt[21] ; clk        ; clk      ; None                        ; None                      ; 8.789 ns                ;
; N/A                                     ; 105.91 MHz ( period = 9.442 ns )                    ; cnt[25] ; cnt[15] ; clk        ; clk      ; None                        ; None                      ; 8.733 ns                ;
; N/A                                     ; 105.93 MHz ( period = 9.440 ns )                    ; cnt[25] ; cnt[10] ; clk        ; clk      ; None                        ; None                      ; 8.731 ns                ;
; N/A                                     ; 106.09 MHz ( period = 9.426 ns )                    ; cnt[25] ; cnt[13] ; clk        ; clk      ; None                        ; None                      ; 8.717 ns                ;
; N/A                                     ; 106.20 MHz ( period = 9.416 ns )                    ; cnt[25] ; cnt[18] ; clk        ; clk      ; None                        ; None                      ; 8.707 ns                ;
; N/A                                     ; 106.30 MHz ( period = 9.407 ns )                    ; cnt[23] ; cnt[0]  ; clk        ; clk      ; None                        ; None                      ; 8.698 ns                ;
; N/A                                     ; 106.79 MHz ( period = 9.364 ns )                    ; cnt[3]  ; cnt[22] ; clk        ; clk      ; None                        ; None                      ; 8.655 ns                ;
; N/A                                     ; 107.83 MHz ( period = 9.274 ns )                    ; cnt[23] ; cnt[15] ; clk        ; clk      ; None                        ; None                      ; 8.565 ns                ;
; N/A                                     ; 107.85 MHz ( period = 9.272 ns )                    ; cnt[23] ; cnt[10] ; clk        ; clk      ; None                        ; None                      ; 8.563 ns                ;
; N/A                                     ; 108.01 MHz ( period = 9.258 ns )                    ; cnt[23] ; cnt[13] ; clk        ; clk      ; None                        ; None                      ; 8.549 ns                ;
; N/A                                     ; 108.13 MHz ( period = 9.248 ns )                    ; cnt[2]  ; cnt[22] ; clk        ; clk      ; None                        ; None                      ; 8.539 ns                ;
; N/A                                     ; 108.13 MHz ( period = 9.248 ns )                    ; cnt[23] ; cnt[18] ; clk        ; clk      ; None                        ; None                      ; 8.539 ns                ;
; N/A                                     ; 108.77 MHz ( period = 9.194 ns )                    ; cnt[4]  ; cnt[22] ; clk        ; clk      ; None                        ; None                      ; 8.485 ns                ;
; N/A                                     ; 109.28 MHz ( period = 9.151 ns )                    ; cnt[11] ; cnt[0]  ; clk        ; clk      ; None                        ; None                      ; 8.442 ns                ;
; N/A                                     ; 109.37 MHz ( period = 9.143 ns )                    ; cnt[3]  ; cnt[19] ; clk        ; clk      ; None                        ; None                      ; 8.434 ns                ;
; N/A                                     ; 109.88 MHz ( period = 9.101 ns )                    ; cnt[3]  ; cnt[20] ; clk        ; clk      ; None                        ; None                      ; 8.392 ns                ;
; N/A                                     ; 110.27 MHz ( period = 9.069 ns )                    ; cnt[2]  ; cnt[5]  ; clk        ; clk      ; None                        ; None                      ; 8.360 ns                ;
; N/A                                     ; 110.78 MHz ( period = 9.027 ns )                    ; cnt[2]  ; cnt[19] ; clk        ; clk      ; None                        ; None                      ; 8.318 ns                ;
; N/A                                     ; 110.79 MHz ( period = 9.026 ns )                    ; cnt[3]  ; cnt[10] ; clk        ; clk      ; None                        ; None                      ; 8.317 ns                ;
; N/A                                     ; 110.79 MHz ( period = 9.026 ns )                    ; cnt[3]  ; cnt[12] ; clk        ; clk      ; None                        ; None                      ; 8.317 ns                ;
; N/A                                     ; 110.80 MHz ( period = 9.025 ns )                    ; cnt[3]  ; cnt[17] ; clk        ; clk      ; None                        ; None                      ; 8.316 ns                ;
; N/A                                     ; 110.89 MHz ( period = 9.018 ns )                    ; cnt[11] ; cnt[15] ; clk        ; clk      ; None                        ; None                      ; 8.309 ns                ;
; N/A                                     ; 110.89 MHz ( period = 9.018 ns )                    ; cnt[3]  ; cnt[5]  ; clk        ; clk      ; None                        ; None                      ; 8.309 ns                ;
; N/A                                     ; 110.91 MHz ( period = 9.016 ns )                    ; cnt[11] ; cnt[10] ; clk        ; clk      ; None                        ; None                      ; 8.307 ns                ;
; N/A                                     ; 110.94 MHz ( period = 9.014 ns )                    ; cnt[3]  ; cnt[13] ; clk        ; clk      ; None                        ; None                      ; 8.305 ns                ;
; N/A                                     ; 110.94 MHz ( period = 9.014 ns )                    ; cnt[25] ; cnt[11] ; clk        ; clk      ; None                        ; None                      ; 8.305 ns                ;
; N/A                                     ; 110.98 MHz ( period = 9.011 ns )                    ; cnt[6]  ; cnt[21] ; clk        ; clk      ; None                        ; None                      ; 8.302 ns                ;
; N/A                                     ; 111.00 MHz ( period = 9.009 ns )                    ; cnt[3]  ; cnt[18] ; clk        ; clk      ; None                        ; None                      ; 8.300 ns                ;
; N/A                                     ; 111.06 MHz ( period = 9.004 ns )                    ; cnt[14] ; cnt[21] ; clk        ; clk      ; None                        ; None                      ; 8.295 ns                ;
; N/A                                     ; 111.09 MHz ( period = 9.002 ns )                    ; cnt[11] ; cnt[13] ; clk        ; clk      ; None                        ; None                      ; 8.293 ns                ;
; N/A                                     ; 111.11 MHz ( period = 9.000 ns )                    ; cnt[3]  ; cnt[23] ; clk        ; clk      ; None                        ; None                      ; 8.291 ns                ;
; N/A                                     ; 111.21 MHz ( period = 8.992 ns )                    ; cnt[11] ; cnt[18] ; clk        ; clk      ; None                        ; None                      ; 8.283 ns                ;
; N/A                                     ; 111.21 MHz ( period = 8.992 ns )                    ; cnt[3]  ; cnt[11] ; clk        ; clk      ; None                        ; None                      ; 8.283 ns                ;
; N/A                                     ; 111.30 MHz ( period = 8.985 ns )                    ; cnt[2]  ; cnt[20] ; clk        ; clk      ; None                        ; None                      ; 8.276 ns                ;
; N/A                                     ; 111.36 MHz ( period = 8.980 ns )                    ; cnt[16] ; cnt[21] ; clk        ; clk      ; None                        ; None                      ; 8.271 ns                ;
; N/A                                     ; 111.45 MHz ( period = 8.973 ns )                    ; cnt[4]  ; cnt[19] ; clk        ; clk      ; None                        ; None                      ; 8.264 ns                ;
; N/A                                     ; 111.50 MHz ( period = 8.969 ns )                    ; cnt[3]  ; cnt[25] ; clk        ; clk      ; None                        ; None                      ; 8.260 ns                ;
; N/A                                     ; 111.50 MHz ( period = 8.969 ns )                    ; cnt[25] ; cnt[12] ; clk        ; clk      ; None                        ; None                      ; 8.260 ns                ;
; N/A                                     ; 111.52 MHz ( period = 8.967 ns )                    ; cnt[25] ; cnt[17] ; clk        ; clk      ; None                        ; None                      ; 8.258 ns                ;
; N/A                                     ; 111.64 MHz ( period = 8.957 ns )                    ; cnt[25] ; cnt[5]  ; clk        ; clk      ; None                        ; None                      ; 8.248 ns                ;
; N/A                                     ; 111.97 MHz ( period = 8.931 ns )                    ; cnt[4]  ; cnt[20] ; clk        ; clk      ; None                        ; None                      ; 8.222 ns                ;
; N/A                                     ; 112.35 MHz ( period = 8.901 ns )                    ; cnt[8]  ; cnt[21] ; clk        ; clk      ; None                        ; None                      ; 8.192 ns                ;
; N/A                                     ; 112.36 MHz ( period = 8.900 ns )                    ; cnt[8]  ; cnt[19] ; clk        ; clk      ; None                        ; None                      ; 8.191 ns                ;
; N/A                                     ; 112.44 MHz ( period = 8.894 ns )                    ; cnt[8]  ; cnt[23] ; clk        ; clk      ; None                        ; None                      ; 8.185 ns                ;
; N/A                                     ; 112.50 MHz ( period = 8.889 ns )                    ; cnt[8]  ; clk1    ; clk        ; clk      ; None                        ; None                      ; 8.180 ns                ;
; N/A                                     ; 112.56 MHz ( period = 8.884 ns )                    ; cnt[2]  ; cnt[23] ; clk        ; clk      ; None                        ; None                      ; 8.175 ns                ;
; N/A                                     ; 112.56 MHz ( period = 8.884 ns )                    ; cnt[24] ; cnt[0]  ; clk        ; clk      ; None                        ; None                      ; 8.175 ns                ;
; N/A                                     ; 112.66 MHz ( period = 8.876 ns )                    ; cnt[2]  ; cnt[11] ; clk        ; clk      ; None                        ; None                      ; 8.167 ns                ;
; N/A                                     ; 112.69 MHz ( period = 8.874 ns )                    ; cnt[3]  ; cnt[16] ; clk        ; clk      ; None                        ; None                      ; 8.165 ns                ;
; N/A                                     ; 112.96 MHz ( period = 8.853 ns )                    ; cnt[2]  ; cnt[25] ; clk        ; clk      ; None                        ; None                      ; 8.144 ns                ;
; N/A                                     ; 112.97 MHz ( period = 8.852 ns )                    ; cnt[3]  ; cnt[14] ; clk        ; clk      ; None                        ; None                      ; 8.143 ns                ;
; N/A                                     ; 113.05 MHz ( period = 8.846 ns )                    ; cnt[23] ; cnt[11] ; clk        ; clk      ; None                        ; None                      ; 8.137 ns                ;
; N/A                                     ; 113.16 MHz ( period = 8.837 ns )                    ; cnt[5]  ; cnt[21] ; clk        ; clk      ; None                        ; None                      ; 8.128 ns                ;
; N/A                                     ; 113.19 MHz ( period = 8.835 ns )                    ; cnt[3]  ; cnt[24] ; clk        ; clk      ; None                        ; None                      ; 8.126 ns                ;
; N/A                                     ; 113.25 MHz ( period = 8.830 ns )                    ; cnt[4]  ; cnt[23] ; clk        ; clk      ; None                        ; None                      ; 8.121 ns                ;
; N/A                                     ; 113.35 MHz ( period = 8.822 ns )                    ; cnt[4]  ; cnt[11] ; clk        ; clk      ; None                        ; None                      ; 8.113 ns                ;
; N/A                                     ; 113.37 MHz ( period = 8.821 ns )                    ; cnt[2]  ; cnt[17] ; clk        ; clk      ; None                        ; None                      ; 8.112 ns                ;
; N/A                                     ; 113.62 MHz ( period = 8.801 ns )                    ; cnt[23] ; cnt[12] ; clk        ; clk      ; None                        ; None                      ; 8.092 ns                ;
; N/A                                     ; 113.65 MHz ( period = 8.799 ns )                    ; cnt[4]  ; cnt[25] ; clk        ; clk      ; None                        ; None                      ; 8.090 ns                ;
; N/A                                     ; 113.65 MHz ( period = 8.799 ns )                    ; cnt[23] ; cnt[17] ; clk        ; clk      ; None                        ; None                      ; 8.090 ns                ;
; N/A                                     ; 113.78 MHz ( period = 8.789 ns )                    ; cnt[23] ; cnt[5]  ; clk        ; clk      ; None                        ; None                      ; 8.080 ns                ;
; N/A                                     ; 114.06 MHz ( period = 8.767 ns )                    ; cnt[4]  ; cnt[17] ; clk        ; clk      ; None                        ; None                      ; 8.058 ns                ;
; N/A                                     ; 114.18 MHz ( period = 8.758 ns )                    ; cnt[2]  ; cnt[16] ; clk        ; clk      ; None                        ; None                      ; 8.049 ns                ;
; N/A                                     ; 114.27 MHz ( period = 8.751 ns )                    ; cnt[24] ; cnt[15] ; clk        ; clk      ; None                        ; None                      ; 8.042 ns                ;
; N/A                                     ; 114.30 MHz ( period = 8.749 ns )                    ; cnt[24] ; cnt[10] ; clk        ; clk      ; None                        ; None                      ; 8.040 ns                ;
; N/A                                     ; 114.47 MHz ( period = 8.736 ns )                    ; cnt[2]  ; cnt[14] ; clk        ; clk      ; None                        ; None                      ; 8.027 ns                ;
; N/A                                     ; 114.48 MHz ( period = 8.735 ns )                    ; cnt[24] ; cnt[13] ; clk        ; clk      ; None                        ; None                      ; 8.026 ns                ;
; N/A                                     ; 114.61 MHz ( period = 8.725 ns )                    ; cnt[24] ; cnt[18] ; clk        ; clk      ; None                        ; None                      ; 8.016 ns                ;
; N/A                                     ; 114.69 MHz ( period = 8.719 ns )                    ; cnt[2]  ; cnt[24] ; clk        ; clk      ; None                        ; None                      ; 8.010 ns                ;
; N/A                                     ; 114.73 MHz ( period = 8.716 ns )                    ; cnt[3]  ; cnt[0]  ; clk        ; clk      ; None                        ; None                      ; 8.007 ns                ;
; N/A                                     ; 114.85 MHz ( period = 8.707 ns )                    ; cnt[6]  ; cnt[22] ; clk        ; clk      ; None                        ; None                      ; 7.998 ns                ;
; N/A                                     ; 114.89 MHz ( period = 8.704 ns )                    ; cnt[4]  ; cnt[16] ; clk        ; clk      ; None                        ; None                      ; 7.995 ns                ;
; N/A                                     ; 114.94 MHz ( period = 8.700 ns )                    ; cnt[14] ; cnt[22] ; clk        ; clk      ; None                        ; None                      ; 7.991 ns                ;
; N/A                                     ; 115.00 MHz ( period = 8.696 ns )                    ; cnt[13] ; cnt[0]  ; clk        ; clk      ; None                        ; None                      ; 7.987 ns                ;
; N/A                                     ; 115.04 MHz ( period = 8.693 ns )                    ; cnt[7]  ; cnt[21] ; clk        ; clk      ; None                        ; None                      ; 7.984 ns                ;
; N/A                                     ; 115.06 MHz ( period = 8.691 ns )                    ; cnt[3]  ; cnt[15] ; clk        ; clk      ; None                        ; None                      ; 7.982 ns                ;
; N/A                                     ; 115.18 MHz ( period = 8.682 ns )                    ; cnt[4]  ; cnt[14] ; clk        ; clk      ; None                        ; None                      ; 7.973 ns                ;
; N/A                                     ; 115.26 MHz ( period = 8.676 ns )                    ; cnt[16] ; cnt[22] ; clk        ; clk      ; None                        ; None                      ; 7.967 ns                ;
; N/A                                     ; 115.29 MHz ( period = 8.674 ns )                    ; cnt[4]  ; cnt[10] ; clk        ; clk      ; None                        ; None                      ; 7.965 ns                ;
; N/A                                     ; 115.29 MHz ( period = 8.674 ns )                    ; cnt[4]  ; cnt[12] ; clk        ; clk      ; None                        ; None                      ; 7.965 ns                ;
; N/A                                     ; 115.34 MHz ( period = 8.670 ns )                    ; cnt[3]  ; cnt[26] ; clk        ; clk      ; None                        ; None                      ; 7.961 ns                ;
; N/A                                     ; 115.39 MHz ( period = 8.666 ns )                    ; cnt[4]  ; cnt[5]  ; clk        ; clk      ; None                        ; None                      ; 7.957 ns                ;
; N/A                                     ; 115.41 MHz ( period = 8.665 ns )                    ; cnt[4]  ; cnt[24] ; clk        ; clk      ; None                        ; None                      ; 7.956 ns                ;
; N/A                                     ; 115.45 MHz ( period = 8.662 ns )                    ; cnt[4]  ; cnt[13] ; clk        ; clk      ; None                        ; None                      ; 7.953 ns                ;
; N/A                                     ; 115.51 MHz ( period = 8.657 ns )                    ; cnt[4]  ; cnt[18] ; clk        ; clk      ; None                        ; None                      ; 7.948 ns                ;
; N/A                                     ; 115.55 MHz ( period = 8.654 ns )                    ; cnt[13] ; cnt[21] ; clk        ; clk      ; None                        ; None                      ; 7.945 ns                ;
; N/A                                     ; 115.65 MHz ( period = 8.647 ns )                    ; cnt[2]  ; cnt[12] ; clk        ; clk      ; None                        ; None                      ; 7.938 ns                ;
; N/A                                     ; 116.23 MHz ( period = 8.604 ns )                    ; cnt[9]  ; cnt[21] ; clk        ; clk      ; None                        ; None                      ; 7.895 ns                ;
; N/A                                     ; 116.41 MHz ( period = 8.590 ns )                    ; cnt[11] ; cnt[11] ; clk        ; clk      ; None                        ; None                      ; 7.881 ns                ;
; N/A                                     ; 116.55 MHz ( period = 8.580 ns )                    ; cnt[8]  ; cnt[20] ; clk        ; clk      ; None                        ; None                      ; 7.871 ns                ;
; N/A                                     ; 116.78 MHz ( period = 8.563 ns )                    ; cnt[13] ; cnt[15] ; clk        ; clk      ; None                        ; None                      ; 7.854 ns                ;
; N/A                                     ; 116.81 MHz ( period = 8.561 ns )                    ; cnt[13] ; cnt[10] ; clk        ; clk      ; None                        ; None                      ; 7.852 ns                ;
; N/A                                     ; 116.90 MHz ( period = 8.554 ns )                    ; cnt[2]  ; cnt[26] ; clk        ; clk      ; None                        ; None                      ; 7.845 ns                ;
; N/A                                     ; 116.99 MHz ( period = 8.548 ns )                    ; cnt[2]  ; cnt[15] ; clk        ; clk      ; None                        ; None                      ; 7.839 ns                ;
; N/A                                     ; 117.00 MHz ( period = 8.547 ns )                    ; cnt[13] ; cnt[13] ; clk        ; clk      ; None                        ; None                      ; 7.838 ns                ;
; N/A                                     ; 117.03 MHz ( period = 8.545 ns )                    ; cnt[11] ; cnt[12] ; clk        ; clk      ; None                        ; None                      ; 7.836 ns                ;
; N/A                                     ; 117.05 MHz ( period = 8.543 ns )                    ; cnt[11] ; cnt[17] ; clk        ; clk      ; None                        ; None                      ; 7.834 ns                ;
; N/A                                     ; 117.14 MHz ( period = 8.537 ns )                    ; cnt[13] ; cnt[18] ; clk        ; clk      ; None                        ; None                      ; 7.828 ns                ;
; N/A                                     ; 117.19 MHz ( period = 8.533 ns )                    ; cnt[5]  ; cnt[22] ; clk        ; clk      ; None                        ; None                      ; 7.824 ns                ;
; N/A                                     ; 117.19 MHz ( period = 8.533 ns )                    ; cnt[11] ; cnt[5]  ; clk        ; clk      ; None                        ; None                      ; 7.824 ns                ;
; N/A                                     ; 117.37 MHz ( period = 8.520 ns )                    ; cnt[11] ; cnt[21] ; clk        ; clk      ; None                        ; None                      ; 7.811 ns                ;
; N/A                                     ; 117.65 MHz ( period = 8.500 ns )                    ; cnt[4]  ; cnt[26] ; clk        ; clk      ; None                        ; None                      ; 7.791 ns                ;
; N/A                                     ; 117.73 MHz ( period = 8.494 ns )                    ; cnt[4]  ; cnt[15] ; clk        ; clk      ; None                        ; None                      ; 7.785 ns                ;
; N/A                                     ; 117.84 MHz ( period = 8.486 ns )                    ; cnt[6]  ; cnt[19] ; clk        ; clk      ; None                        ; None                      ; 7.777 ns                ;
; N/A                                     ; 117.94 MHz ( period = 8.479 ns )                    ; cnt[14] ; cnt[19] ; clk        ; clk      ; None                        ; None                      ; 7.770 ns                ;
; N/A                                     ; 118.02 MHz ( period = 8.473 ns )                    ; cnt[10] ; cnt[21] ; clk        ; clk      ; None                        ; None                      ; 7.764 ns                ;
; N/A                                     ; 118.09 MHz ( period = 8.468 ns )                    ; cnt[3]  ; cnt[9]  ; clk        ; clk      ; None                        ; None                      ; 7.759 ns                ;
; N/A                                     ; 118.19 MHz ( period = 8.461 ns )                    ; cnt[18] ; cnt[0]  ; clk        ; clk      ; None                        ; None                      ; 7.752 ns                ;
; N/A                                     ; 118.27 MHz ( period = 8.455 ns )                    ; cnt[16] ; cnt[19] ; clk        ; clk      ; None                        ; None                      ; 7.746 ns                ;
; N/A                                     ; 118.43 MHz ( period = 8.444 ns )                    ; cnt[6]  ; cnt[20] ; clk        ; clk      ; None                        ; None                      ; 7.735 ns                ;
; N/A                                     ; 118.53 MHz ( period = 8.437 ns )                    ; cnt[14] ; cnt[20] ; clk        ; clk      ; None                        ; None                      ; 7.728 ns                ;
; N/A                                     ; 118.85 MHz ( period = 8.414 ns )                    ; cnt[8]  ; cnt[22] ; clk        ; clk      ; None                        ; None                      ; 7.705 ns                ;
; N/A                                     ; 118.86 MHz ( period = 8.413 ns )                    ; cnt[16] ; cnt[20] ; clk        ; clk      ; None                        ; None                      ; 7.704 ns                ;
; N/A                                     ; 118.92 MHz ( period = 8.409 ns )                    ; cnt[15] ; cnt[21] ; clk        ; clk      ; None                        ; None                      ; 7.700 ns                ;
; N/A                                     ; 119.20 MHz ( period = 8.389 ns )                    ; cnt[7]  ; cnt[22] ; clk        ; clk      ; None                        ; None                      ; 7.680 ns                ;
; N/A                                     ; 119.56 MHz ( period = 8.364 ns )                    ; cnt[4]  ; cnt[0]  ; clk        ; clk      ; None                        ; None                      ; 7.655 ns                ;
; N/A                                     ; 119.73 MHz ( period = 8.352 ns )                    ; cnt[2]  ; cnt[9]  ; clk        ; clk      ; None                        ; None                      ; 7.643 ns                ;
; N/A                                     ; 119.76 MHz ( period = 8.350 ns )                    ; cnt[13] ; cnt[22] ; clk        ; clk      ; None                        ; None                      ; 7.641 ns                ;
; N/A                                     ; 119.86 MHz ( period = 8.343 ns )                    ; cnt[6]  ; cnt[23] ; clk        ; clk      ; None                        ; None                      ; 7.634 ns                ;
; N/A                                     ; 119.88 MHz ( period = 8.342 ns )                    ; cnt[2]  ; cnt[10] ; clk        ; clk      ; None                        ; None                      ; 7.633 ns                ;
; N/A                                     ; 119.96 MHz ( period = 8.336 ns )                    ; cnt[14] ; cnt[23] ; clk        ; clk      ; None                        ; None                      ; 7.627 ns                ;
; N/A                                     ; 119.98 MHz ( period = 8.335 ns )                    ; cnt[6]  ; cnt[11] ; clk        ; clk      ; None                        ; None                      ; 7.626 ns                ;
; N/A                                     ; 120.08 MHz ( period = 8.328 ns )                    ; cnt[18] ; cnt[15] ; clk        ; clk      ; None                        ; None                      ; 7.619 ns                ;
; N/A                                     ; 120.11 MHz ( period = 8.326 ns )                    ; cnt[18] ; cnt[10] ; clk        ; clk      ; None                        ; None                      ; 7.617 ns                ;
; N/A                                     ; 120.15 MHz ( period = 8.323 ns )                    ; cnt[24] ; cnt[11] ; clk        ; clk      ; None                        ; None                      ; 7.614 ns                ;
; N/A                                     ; 120.31 MHz ( period = 8.312 ns )                    ; cnt[16] ; cnt[23] ; clk        ; clk      ; None                        ; None                      ; 7.603 ns                ;
; N/A                                     ; 120.31 MHz ( period = 8.312 ns )                    ; cnt[6]  ; cnt[25] ; clk        ; clk      ; None                        ; None                      ; 7.603 ns                ;
; N/A                                     ; 120.31 MHz ( period = 8.312 ns )                    ; cnt[5]  ; cnt[19] ; clk        ; clk      ; None                        ; None                      ; 7.603 ns                ;
; N/A                                     ; 120.31 MHz ( period = 8.312 ns )                    ; cnt[18] ; cnt[13] ; clk        ; clk      ; None                        ; None                      ; 7.603 ns                ;
; N/A                                     ; 120.41 MHz ( period = 8.305 ns )                    ; cnt[14] ; cnt[25] ; clk        ; clk      ; None                        ; None                      ; 7.596 ns                ;
; N/A                                     ; 120.45 MHz ( period = 8.302 ns )                    ; cnt[18] ; cnt[18] ; clk        ; clk      ; None                        ; None                      ; 7.593 ns                ;
; N/A                                     ; 120.48 MHz ( period = 8.300 ns )                    ; cnt[9]  ; cnt[22] ; clk        ; clk      ; None                        ; None                      ; 7.591 ns                ;
; N/A                                     ; 120.51 MHz ( period = 8.298 ns )                    ; cnt[4]  ; cnt[9]  ; clk        ; clk      ; None                        ; None                      ; 7.589 ns                ;
; N/A                                     ; 120.63 MHz ( period = 8.290 ns )                    ; cnt[12] ; cnt[21] ; clk        ; clk      ; None                        ; None                      ; 7.581 ns                ;
; N/A                                     ; 120.76 MHz ( period = 8.281 ns )                    ; cnt[16] ; cnt[25] ; clk        ; clk      ; None                        ; None                      ; 7.572 ns                ;
; N/A                                     ; 120.77 MHz ( period = 8.280 ns )                    ; cnt[6]  ; cnt[17] ; clk        ; clk      ; None                        ; None                      ; 7.571 ns                ;
; N/A                                     ; 120.80 MHz ( period = 8.278 ns )                    ; cnt[24] ; cnt[12] ; clk        ; clk      ; None                        ; None                      ; 7.569 ns                ;
; N/A                                     ; 120.83 MHz ( period = 8.276 ns )                    ; cnt[24] ; cnt[17] ; clk        ; clk      ; None                        ; None                      ; 7.567 ns                ;
; N/A                                     ; 120.92 MHz ( period = 8.270 ns )                    ; cnt[5]  ; cnt[20] ; clk        ; clk      ; None                        ; None                      ; 7.561 ns                ;
; N/A                                     ; 120.98 MHz ( period = 8.266 ns )                    ; cnt[24] ; cnt[5]  ; clk        ; clk      ; None                        ; None                      ; 7.557 ns                ;
; N/A                                     ; 121.20 MHz ( period = 8.251 ns )                    ; cnt[1]  ; cnt[10] ; clk        ; clk      ; None                        ; None                      ; 7.542 ns                ;
; N/A                                     ; 121.20 MHz ( period = 8.251 ns )                    ; cnt[1]  ; cnt[12] ; clk        ; clk      ; None                        ; None                      ; 7.542 ns                ;
; N/A                                     ; 121.21 MHz ( period = 8.250 ns )                    ; cnt[1]  ; cnt[17] ; clk        ; clk      ; None                        ; None                      ; 7.541 ns                ;
; N/A                                     ; 121.32 MHz ( period = 8.243 ns )                    ; cnt[1]  ; cnt[5]  ; clk        ; clk      ; None                        ; None                      ; 7.534 ns                ;
; N/A                                     ; 121.37 MHz ( period = 8.239 ns )                    ; cnt[1]  ; cnt[13] ; clk        ; clk      ; None                        ; None                      ; 7.530 ns                ;
; N/A                                     ; 121.45 MHz ( period = 8.234 ns )                    ; cnt[1]  ; cnt[18] ; clk        ; clk      ; None                        ; None                      ; 7.525 ns                ;
; N/A                                     ; 121.70 MHz ( period = 8.217 ns )                    ; cnt[6]  ; cnt[16] ; clk        ; clk      ; None                        ; None                      ; 7.508 ns                ;
; N/A                                     ; 121.71 MHz ( period = 8.216 ns )                    ; cnt[11] ; cnt[22] ; clk        ; clk      ; None                        ; None                      ; 7.507 ns                ;
; N/A                                     ; 121.71 MHz ( period = 8.216 ns )                    ; cnt[2]  ; cnt[18] ; clk        ; clk      ; None                        ; None                      ; 7.507 ns                ;
; N/A                                     ; 121.88 MHz ( period = 8.205 ns )                    ; cnt[2]  ; cnt[13] ; clk        ; clk      ; None                        ; None                      ; 7.496 ns                ;
; N/A                                     ; 121.97 MHz ( period = 8.199 ns )                    ; cnt[25] ; cnt[21] ; clk        ; clk      ; None                        ; None                      ; 7.490 ns                ;
; N/A                                     ; 121.98 MHz ( period = 8.198 ns )                    ; cnt[25] ; cnt[19] ; clk        ; clk      ; None                        ; None                      ; 7.489 ns                ;
; N/A                                     ; 122.03 MHz ( period = 8.195 ns )                    ; cnt[6]  ; cnt[14] ; clk        ; clk      ; None                        ; None                      ; 7.486 ns                ;
; N/A                                     ; 122.09 MHz ( period = 8.191 ns )                    ; cnt[25] ; cnt[23] ; clk        ; clk      ; None                        ; None                      ; 7.482 ns                ;
; N/A                                     ; 122.19 MHz ( period = 8.184 ns )                    ; cnt[25] ; cnt[20] ; clk        ; clk      ; None                        ; None                      ; 7.475 ns                ;
; N/A                                     ; 122.28 MHz ( period = 8.178 ns )                    ; cnt[6]  ; cnt[24] ; clk        ; clk      ; None                        ; None                      ; 7.469 ns                ;
; N/A                                     ; 122.38 MHz ( period = 8.171 ns )                    ; cnt[14] ; cnt[24] ; clk        ; clk      ; None                        ; None                      ; 7.462 ns                ;
; N/A                                     ; 122.41 MHz ( period = 8.169 ns )                    ; cnt[5]  ; cnt[23] ; clk        ; clk      ; None                        ; None                      ; 7.460 ns                ;
; N/A                                     ; 122.41 MHz ( period = 8.169 ns )                    ; cnt[10] ; cnt[22] ; clk        ; clk      ; None                        ; None                      ; 7.460 ns                ;
; N/A                                     ; 122.43 MHz ( period = 8.168 ns )                    ; cnt[7]  ; cnt[19] ; clk        ; clk      ; None                        ; None                      ; 7.459 ns                ;
; N/A                                     ; 122.53 MHz ( period = 8.161 ns )                    ; cnt[5]  ; cnt[11] ; clk        ; clk      ; None                        ; None                      ; 7.452 ns                ;
; N/A                                     ; 122.74 MHz ( period = 8.147 ns )                    ; cnt[16] ; cnt[24] ; clk        ; clk      ; None                        ; None                      ; 7.438 ns                ;
; N/A                                     ; 122.88 MHz ( period = 8.138 ns )                    ; cnt[5]  ; cnt[25] ; clk        ; clk      ; None                        ; None                      ; 7.429 ns                ;
; N/A                                     ; 122.93 MHz ( period = 8.135 ns )                    ; cnt[13] ; cnt[11] ; clk        ; clk      ; None                        ; None                      ; 7.426 ns                ;
; N/A                                     ; 123.02 MHz ( period = 8.129 ns )                    ; cnt[13] ; cnt[19] ; clk        ; clk      ; None                        ; None                      ; 7.420 ns                ;
; N/A                                     ; 123.06 MHz ( period = 8.126 ns )                    ; cnt[7]  ; cnt[20] ; clk        ; clk      ; None                        ; None                      ; 7.417 ns                ;
; N/A                                     ; 123.20 MHz ( period = 8.117 ns )                    ; cnt[3]  ; cnt[8]  ; clk        ; clk      ; None                        ; None                      ; 7.408 ns                ;
; N/A                                     ; 123.37 MHz ( period = 8.106 ns )                    ; cnt[5]  ; cnt[17] ; clk        ; clk      ; None                        ; None                      ; 7.397 ns                ;
; N/A                                     ; 123.37 MHz ( period = 8.106 ns )                    ; cnt[6]  ; cnt[12] ; clk        ; clk      ; None                        ; None                      ; 7.397 ns                ;
; N/A                                     ; 123.38 MHz ( period = 8.105 ns )                    ; cnt[15] ; cnt[22] ; clk        ; clk      ; None                        ; None                      ; 7.396 ns                ;
; N/A                                     ; 123.58 MHz ( period = 8.092 ns )                    ; cnt[15] ; cnt[0]  ; clk        ; clk      ; None                        ; None                      ; 7.383 ns                ;
; N/A                                     ; 123.61 MHz ( period = 8.090 ns )                    ; cnt[13] ; cnt[12] ; clk        ; clk      ; None                        ; None                      ; 7.381 ns                ;
; N/A                                     ; 123.64 MHz ( period = 8.088 ns )                    ; cnt[13] ; cnt[17] ; clk        ; clk      ; None                        ; None                      ; 7.379 ns                ;
; N/A                                     ; 123.66 MHz ( period = 8.087 ns )                    ; cnt[13] ; cnt[20] ; clk        ; clk      ; None                        ; None                      ; 7.378 ns                ;
; N/A                                     ; 123.78 MHz ( period = 8.079 ns )                    ; cnt[9]  ; cnt[19] ; clk        ; clk      ; None                        ; None                      ; 7.370 ns                ;
; N/A                                     ; 123.79 MHz ( period = 8.078 ns )                    ; cnt[13] ; cnt[5]  ; clk        ; clk      ; None                        ; None                      ; 7.369 ns                ;
; N/A                                     ; 123.85 MHz ( period = 8.074 ns )                    ; cnt[17] ; cnt[21] ; clk        ; clk      ; None                        ; None                      ; 7.365 ns                ;
; N/A                                     ; 123.90 MHz ( period = 8.071 ns )                    ; cnt[5]  ; cnt[10] ; clk        ; clk      ; None                        ; None                      ; 7.362 ns                ;
; N/A                                     ; 123.90 MHz ( period = 8.071 ns )                    ; cnt[5]  ; cnt[12] ; clk        ; clk      ; None                        ; None                      ; 7.362 ns                ;
; N/A                                     ; 123.93 MHz ( period = 8.069 ns )                    ; cnt[2]  ; cnt[4]  ; clk        ; clk      ; None                        ; None                      ; 7.360 ns                ;
; N/A                                     ; 124.02 MHz ( period = 8.063 ns )                    ; cnt[14] ; cnt[17] ; clk        ; clk      ; None                        ; None                      ; 7.354 ns                ;
; N/A                                     ; 124.02 MHz ( period = 8.063 ns )                    ; cnt[5]  ; cnt[5]  ; clk        ; clk      ; None                        ; None                      ; 7.354 ns                ;
; N/A                                     ; 124.08 MHz ( period = 8.059 ns )                    ; cnt[5]  ; cnt[13] ; clk        ; clk      ; None                        ; None                      ; 7.350 ns                ;
; N/A                                     ; 124.16 MHz ( period = 8.054 ns )                    ; cnt[5]  ; cnt[18] ; clk        ; clk      ; None                        ; None                      ; 7.345 ns                ;
; N/A                                     ; 124.33 MHz ( period = 8.043 ns )                    ; cnt[5]  ; cnt[16] ; clk        ; clk      ; None                        ; None                      ; 7.334 ns                ;
; N/A                                     ; 124.39 MHz ( period = 8.039 ns )                    ; cnt[16] ; cnt[17] ; clk        ; clk      ; None                        ; None                      ; 7.330 ns                ;
; N/A                                     ; 124.42 MHz ( period = 8.037 ns )                    ; cnt[9]  ; cnt[20] ; clk        ; clk      ; None                        ; None                      ; 7.328 ns                ;
; N/A                                     ; 124.52 MHz ( period = 8.031 ns )                    ; cnt[23] ; cnt[21] ; clk        ; clk      ; None                        ; None                      ; 7.322 ns                ;
; N/A                                     ; 124.53 MHz ( period = 8.030 ns )                    ; cnt[23] ; cnt[19] ; clk        ; clk      ; None                        ; None                      ; 7.321 ns                ;
; N/A                                     ; 124.61 MHz ( period = 8.025 ns )                    ; cnt[7]  ; cnt[23] ; clk        ; clk      ; None                        ; None                      ; 7.316 ns                ;
; N/A                                     ; 124.63 MHz ( period = 8.024 ns )                    ; cnt[0]  ; cnt[21] ; clk        ; clk      ; None                        ; None                      ; 7.315 ns                ;
; N/A                                     ; 124.64 MHz ( period = 8.023 ns )                    ; cnt[23] ; cnt[23] ; clk        ; clk      ; None                        ; None                      ; 7.314 ns                ;
; N/A                                     ; 124.67 MHz ( period = 8.021 ns )                    ; cnt[5]  ; cnt[14] ; clk        ; clk      ; None                        ; None                      ; 7.312 ns                ;
; N/A                                     ; 124.70 MHz ( period = 8.019 ns )                    ; cnt[8]  ; cnt[25] ; clk        ; clk      ; None                        ; None                      ; 7.310 ns                ;
; N/A                                     ; 124.73 MHz ( period = 8.017 ns )                    ; cnt[7]  ; cnt[11] ; clk        ; clk      ; None                        ; None                      ; 7.308 ns                ;
; N/A                                     ; 124.75 MHz ( period = 8.016 ns )                    ; cnt[23] ; cnt[20] ; clk        ; clk      ; None                        ; None                      ; 7.307 ns                ;
; N/A                                     ; 124.80 MHz ( period = 8.013 ns )                    ; cnt[6]  ; cnt[26] ; clk        ; clk      ; None                        ; None                      ; 7.304 ns                ;
; Timing analysis restricted to 200 rows. ; To change the limit use Settings (Assignments menu) ;         ;         ;            ;          ;                             ;                           ;                         ;
+-----------------------------------------+-----------------------------------------------------+---------+---------+------------+----------+-----------------------------+---------------------------+-------------------------+


+----------------------------------------------------------------------+
; tco                                                                  ;
+-------+--------------+------------+-------------+-------+------------+
; Slack ; Required tco ; Actual tco ; From        ; To    ; From Clock ;
+-------+--------------+------------+-------------+-------+------------+
; N/A   ; None         ; 13.578 ns  ; marquee[0]  ; Q[2]  ; clk        ;
; N/A   ; None         ; 13.578 ns  ; marquee[0]  ; Q[0]  ; clk        ;
; N/A   ; None         ; 13.554 ns  ; marquee[10] ; Q[10] ; clk        ;
; N/A   ; None         ; 13.410 ns  ; marquee[11] ; Q[9]  ; clk        ;
; N/A   ; None         ; 13.377 ns  ; marquee[0]  ; Q[8]  ; clk        ;
; N/A   ; None         ; 13.185 ns  ; marquee[0]  ; Q[6]  ; clk        ;
; N/A   ; None         ; 13.136 ns  ; marquee[7]  ; Q[7]  ; clk        ;
; N/A   ; None         ; 13.077 ns  ; marquee[11] ; Q[11] ; clk        ;
; N/A   ; None         ; 13.077 ns  ; marquee[11] ; Q[5]  ; clk        ;
; N/A   ; None         ; 13.051 ns  ; marquee[11] ; Q[3]  ; clk        ;
; N/A   ; None         ; 13.017 ns  ; marquee[10] ; Q[4]  ; clk        ;
; N/A   ; None         ; 12.974 ns  ; marquee[7]  ; Q[1]  ; clk        ;
+-------+--------------+------------+-------------+-------+------------+


+--------------------------+
; Timing Analyzer Messages ;
+--------------------------+
Info: *******************************************************************
Info: Running Quartus II Classic Timing Analyzer
    Info: Version 8.1 Build 163 10/28/2008 SJ Web Edition
    Info: Processing started: Thu Oct 21 10:34:49 2021
Info: Command: quartus_tan --read_settings_files=off --write_settings_files=off marquee -c marquee
Info: Started post-fitting delay annotation
Info: Delay annotation completed successfully
Warning: Found pins functioning as undefined clocks and/or memory enables
    Info: Assuming node "clk" is an undefined clock
Warning: Found 1 node(s) in clock paths which may be acting as ripple and/or gated clocks -- node(s) analyzed as buffer(s) resulting in clock skew
    Info: Detected ripple clock "clk1" as buffer
Info: Clock "clk" has Internal fmax of 103.43 MHz between source register "cnt[3]" and destination register "cnt[21]" (period= 9.668 ns)
    Info: + Longest register to register delay is 8.959 ns
        Info: 1: + IC(0.000 ns) + CELL(0.000 ns) = 0.000 ns; Loc. = LC_X12_Y5_N9; Fanout = 4; REG Node = 'cnt[3]'
        Info: 2: + IC(2.503 ns) + CELL(0.747 ns) = 3.250 ns; Loc. = LC_X8_Y4_N5; Fanout = 2; COMB Node = 'Add0~449'
        Info: 3: + IC(0.000 ns) + CELL(0.123 ns) = 3.373 ns; Loc. = LC_X8_Y4_N6; Fanout = 2; COMB Node = 'Add0~447'
        Info: 4: + IC(0.000 ns) + CELL(0.123 ns) = 3.496 ns; Loc. = LC_X8_Y4_N7; Fanout = 2; COMB Node = 'Add0~443'
        Info: 5: + IC(0.000 ns) + CELL(0.123 ns) = 3.619 ns; Loc. = LC_X8_Y4_N8; Fanout = 2; COMB Node = 'Add0~445'
        Info: 6: + IC(0.000 ns) + CELL(0.399 ns) = 4.018 ns; Loc. = LC_X8_Y4_N9; Fanout = 6; COMB Node = 'Add0~441'
        Info: 7: + IC(0.000 ns) + CELL(0.246 ns) = 4.264 ns; Loc. = LC_X9_Y4_N4; Fanout = 6; COMB Node = 'Add0~429'
        Info: 8: + IC(0.000 ns) + CELL(0.349 ns) = 4.613 ns; Loc. = LC_X9_Y4_N9; Fanout = 6; COMB Node = 'Add0~421'
        Info: 9: + IC(0.000 ns) + CELL(1.234 ns) = 5.847 ns; Loc. = LC_X10_Y4_N3; Fanout = 1; COMB Node = 'Add0~410'
        Info: 10: + IC(2.521 ns) + CELL(0.591 ns) = 8.959 ns; Loc. = LC_X11_Y3_N5; Fanout = 4; REG Node = 'cnt[21]'
        Info: Total cell delay = 3.935 ns ( 43.92 % )
        Info: Total interconnect delay = 5.024 ns ( 56.08 % )
    Info: - Smallest clock skew is 0.000 ns
        Info: + Shortest clock path from clock "clk" to destination register is 3.681 ns
            Info: 1: + IC(0.000 ns) + CELL(1.163 ns) = 1.163 ns; Loc. = PIN_18; Fanout = 28; CLK Node = 'clk'
            Info: 2: + IC(1.600 ns) + CELL(0.918 ns) = 3.681 ns; Loc. = LC_X11_Y3_N5; Fanout = 4; REG Node = 'cnt[21]'
            Info: Total cell delay = 2.081 ns ( 56.53 % )
            Info: Total interconnect delay = 1.600 ns ( 43.47 % )
        Info: - Longest clock path from clock "clk" to source register is 3.681 ns
            Info: 1: + IC(0.000 ns) + CELL(1.163 ns) = 1.163 ns; Loc. = PIN_18; Fanout = 28; CLK Node = 'clk'
            Info: 2: + IC(1.600 ns) + CELL(0.918 ns) = 3.681 ns; Loc. = LC_X12_Y5_N9; Fanout = 4; REG Node = 'cnt[3]'
            Info: Total cell delay = 2.081 ns ( 56.53 % )
            Info: Total interconnect delay = 1.600 ns ( 43.47 % )
    Info: + Micro clock to output delay of source is 0.376 ns
    Info: + Micro setup delay of destination is 0.333 ns
Info: tco from clock "clk" to destination pin "Q[2]" through register "marquee[0]" is 13.578 ns
    Info: + Longest clock path from clock "clk" to source register is 8.325 ns
        Info: 1: + IC(0.000 ns) + CELL(1.163 ns) = 1.163 ns; Loc. = PIN_18; Fanout = 28; CLK Node = 'clk'
        Info: 2: + IC(1.600 ns) + CELL(1.294 ns) = 4.057 ns; Loc. = LC_X11_Y3_N2; Fanout = 6; REG Node = 'clk1'
        Info: 3: + IC(3.350 ns) + CELL(0.918 ns) = 8.325 ns; Loc. = LC_X10_Y7_N9; Fanout = 9; REG Node = 'marquee[0]'
        Info: Total cell delay = 3.375 ns ( 40.54 % )
        Info: Total interconnect delay = 4.950 ns ( 59.46 % )
    Info: + Micro clock to output delay of source is 0.376 ns
    Info: + Longest register to pin delay is 4.877 ns
        Info: 1: + IC(0.000 ns) + CELL(0.000 ns) = 0.000 ns; Loc. = LC_X10_Y7_N9; Fanout = 9; REG Node = 'marquee[0]'
        Info: 2: + IC(2.555 ns) + CELL(2.322 ns) = 4.877 ns; Loc. = PIN_120; Fanout = 0; PIN Node = 'Q[2]'
        Info: Total cell delay = 2.322 ns ( 47.61 % )
        Info: Total interconnect delay = 2.555 ns ( 52.39 % )
Info: Quartus II Classic Timing Analyzer was successful. 0 errors, 2 warnings
    Info: Peak virtual memory: 190 megabytes
    Info: Processing ended: Thu Oct 21 10:34:49 2021
    Info: Elapsed time: 00:00:00
    Info: Total CPU time (on all processors): 00:00:00


